Archive member included to satisfy reference by file (symbol)

C:/ST/STM32CubeIDE_1.14.0/STM32CubeIDE/plugins/com.st.stm32cube.ide.mcu.externaltools.gnu-tools-for-stm32.11.3.rel1.win32_1.1.100.202309141235/tools/bin/../lib/gcc/arm-none-eabi/11.3.1/../../../../arm-none-eabi/lib/thumb/v7e-m+fp/hard\libc_nano.a(libc_a-assert.o)
                              ./Core/Src/mrubyc/alloc.o (__assert_func)
C:/ST/STM32CubeIDE_1.14.0/STM32CubeIDE/plugins/com.st.stm32cube.ide.mcu.externaltools.gnu-tools-for-stm32.11.3.rel1.win32_1.1.100.202309141235/tools/bin/../lib/gcc/arm-none-eabi/11.3.1/../../../../arm-none-eabi/lib/thumb/v7e-m+fp/hard\libc_nano.a(libc_a-atof.o)
                              ./Core/Src/mrubyc/c_string.o (atof)
C:/ST/STM32CubeIDE_1.14.0/STM32CubeIDE/plugins/com.st.stm32cube.ide.mcu.externaltools.gnu-tools-for-stm32.11.3.rel1.win32_1.1.100.202309141235/tools/bin/../lib/gcc/arm-none-eabi/11.3.1/../../../../arm-none-eabi/lib/thumb/v7e-m+fp/hard\libc_nano.a(libc_a-atol.o)
                              ./Core/Src/mrubyc/c_object.o (atol)
C:/ST/STM32CubeIDE_1.14.0/STM32CubeIDE/plugins/com.st.stm32cube.ide.mcu.externaltools.gnu-tools-for-stm32.11.3.rel1.win32_1.1.100.202309141235/tools/bin/../lib/gcc/arm-none-eabi/11.3.1/../../../../arm-none-eabi/lib/thumb/v7e-m+fp/hard\libc_nano.a(libc_a-exit.o)
                              C:/ST/STM32CubeIDE_1.14.0/STM32CubeIDE/plugins/com.st.stm32cube.ide.mcu.externaltools.gnu-tools-for-stm32.11.3.rel1.win32_1.1.100.202309141235/tools/bin/../lib/gcc/arm-none-eabi/11.3.1/../../../../arm-none-eabi/lib/thumb/v7e-m+fp/hard/crt0.o (exit)
C:/ST/STM32CubeIDE_1.14.0/STM32CubeIDE/plugins/com.st.stm32cube.ide.mcu.externaltools.gnu-tools-for-stm32.11.3.rel1.win32_1.1.100.202309141235/tools/bin/../lib/gcc/arm-none-eabi/11.3.1/../../../../arm-none-eabi/lib/thumb/v7e-m+fp/hard\libc_nano.a(libc_a-strtod.o)
                              C:/ST/STM32CubeIDE_1.14.0/STM32CubeIDE/plugins/com.st.stm32cube.ide.mcu.externaltools.gnu-tools-for-stm32.11.3.rel1.win32_1.1.100.202309141235/tools/bin/../lib/gcc/arm-none-eabi/11.3.1/../../../../arm-none-eabi/lib/thumb/v7e-m+fp/hard\libc_nano.a(libc_a-atof.o) (strtod)
C:/ST/STM32CubeIDE_1.14.0/STM32CubeIDE/plugins/com.st.stm32cube.ide.mcu.externaltools.gnu-tools-for-stm32.11.3.rel1.win32_1.1.100.202309141235/tools/bin/../lib/gcc/arm-none-eabi/11.3.1/../../../../arm-none-eabi/lib/thumb/v7e-m+fp/hard\libc_nano.a(libc_a-strtol.o)
                              C:/ST/STM32CubeIDE_1.14.0/STM32CubeIDE/plugins/com.st.stm32cube.ide.mcu.externaltools.gnu-tools-for-stm32.11.3.rel1.win32_1.1.100.202309141235/tools/bin/../lib/gcc/arm-none-eabi/11.3.1/../../../../arm-none-eabi/lib/thumb/v7e-m+fp/hard\libc_nano.a(libc_a-atol.o) (_strtol_r)
C:/ST/STM32CubeIDE_1.14.0/STM32CubeIDE/plugins/com.st.stm32cube.ide.mcu.externaltools.gnu-tools-for-stm32.11.3.rel1.win32_1.1.100.202309141235/tools/bin/../lib/gcc/arm-none-eabi/11.3.1/../../../../arm-none-eabi/lib/thumb/v7e-m+fp/hard\libc_nano.a(libc_a-ctype_.o)
                              C:/ST/STM32CubeIDE_1.14.0/STM32CubeIDE/plugins/com.st.stm32cube.ide.mcu.externaltools.gnu-tools-for-stm32.11.3.rel1.win32_1.1.100.202309141235/tools/bin/../lib/gcc/arm-none-eabi/11.3.1/../../../../arm-none-eabi/lib/thumb/v7e-m+fp/hard\libc_nano.a(libc_a-strtol.o) (_ctype_)
C:/ST/STM32CubeIDE_1.14.0/STM32CubeIDE/plugins/com.st.stm32cube.ide.mcu.externaltools.gnu-tools-for-stm32.11.3.rel1.win32_1.1.100.202309141235/tools/bin/../lib/gcc/arm-none-eabi/11.3.1/../../../../arm-none-eabi/lib/thumb/v7e-m+fp/hard\libc_nano.a(libc_a-findfp.o)
                              C:/ST/STM32CubeIDE_1.14.0/STM32CubeIDE/plugins/com.st.stm32cube.ide.mcu.externaltools.gnu-tools-for-stm32.11.3.rel1.win32_1.1.100.202309141235/tools/bin/../lib/gcc/arm-none-eabi/11.3.1/../../../../arm-none-eabi/lib/thumb/v7e-m+fp/hard\libc_nano.a(libc_a-exit.o) (__stdio_exit_handler)
C:/ST/STM32CubeIDE_1.14.0/STM32CubeIDE/plugins/com.st.stm32cube.ide.mcu.externaltools.gnu-tools-for-stm32.11.3.rel1.win32_1.1.100.202309141235/tools/bin/../lib/gcc/arm-none-eabi/11.3.1/../../../../arm-none-eabi/lib/thumb/v7e-m+fp/hard\libc_nano.a(libc_a-fprintf.o)
                              C:/ST/STM32CubeIDE_1.14.0/STM32CubeIDE/plugins/com.st.stm32cube.ide.mcu.externaltools.gnu-tools-for-stm32.11.3.rel1.win32_1.1.100.202309141235/tools/bin/../lib/gcc/arm-none-eabi/11.3.1/../../../../arm-none-eabi/lib/thumb/v7e-m+fp/hard\libc_nano.a(libc_a-assert.o) (fiprintf)
C:/ST/STM32CubeIDE_1.14.0/STM32CubeIDE/plugins/com.st.stm32cube.ide.mcu.externaltools.gnu-tools-for-stm32.11.3.rel1.win32_1.1.100.202309141235/tools/bin/../lib/gcc/arm-none-eabi/11.3.1/../../../../arm-none-eabi/lib/thumb/v7e-m+fp/hard\libc_nano.a(libc_a-fwalk.o)
[...]
Memory Configuration

Name             Origin             Length             Attributes
RAM              0x0000000020000000 0x0000000000018000 xrw
FLASH            0x0000000008000000 0x0000000000080000 xr
*default*        0x0000000000000000 0xffffffffffffffff

Linker script and memory map

LOAD C:/ST/STM32CubeIDE_1.14.0/STM32CubeIDE/plugins/com.st.stm32cube.ide.mcu.externaltools.gnu-tools-for-stm32.11.3.rel1.win32_1.1.100.202309141235/tools/bin/../lib/gcc/arm-none-eabi/11.3.1/thumb/v7e-m+fp/hard/crti.o
LOAD C:/ST/STM32CubeIDE_1.14.0/STM32CubeIDE/plugins/com.st.stm32cube.ide.mcu.externaltools.gnu-tools-for-stm32.11.3.rel1.win32_1.1.100.202309141235/tools/bin/../lib/gcc/arm-none-eabi/11.3.1/thumb/v7e-m+fp/hard/crtbegin.o
LOAD C:/ST/STM32CubeIDE_1.14.0/STM32CubeIDE/plugins/com.st.stm32cube.ide.mcu.externaltools.gnu-tools-for-stm32.11.3.rel1.win32_1.1.100.202309141235/tools/bin/../lib/gcc/arm-none-eabi/11.3.1/../../../../arm-none-eabi/lib/thumb/v7e-m+fp/hard/crt0.o
LOAD ./Core/Src/main.o
LOAD ./Core/Src/mrubyc.o
LOAD ./Core/Src/sample_include_bytecode.o
LOAD ./Core/Src/stm32f4xx_hal_msp.o
LOAD ./Core/Src/stm32f4xx_it.o
LOAD ./Core/Src/syscalls.o
LOAD ./Core/Src/sysmem.o
LOAD ./Core/Src/system_stm32f4xx.o
LOAD ./Core/Src/mrubyc/alloc.o
LOAD ./Core/Src/mrubyc/c_array.o
LOAD ./Core/Src/mrubyc/c_hash.o
LOAD ./Core/Src/mrubyc/c_math.o
LOAD ./Core/Src/mrubyc/c_numeric.o
LOAD ./Core/Src/mrubyc/c_object.o
LOAD ./Core/Src/mrubyc/c_range.o
LOAD ./Core/Src/mrubyc/c_string.o
LOAD ./Core/Src/mrubyc/class.o
LOAD ./Core/Src/mrubyc/console.o
LOAD ./Core/Src/mrubyc/error.o
LOAD ./Core/Src/mrubyc/global.o
LOAD ./Core/Src/mrubyc/hal.o
LOAD ./Core/Src/mrubyc/keyvalue.o
LOAD ./Core/Src/mrubyc/load.o
LOAD ./Core/Src/mrubyc/mrblib.o
LOAD ./Core/Src/mrubyc/rrt0.o
LOAD ./Core/Src/mrubyc/symbol.o
LOAD ./Core/Src/mrubyc/value.o
LOAD ./Core/Src/mrubyc/vm.o
LOAD ./Core/Startup/startup_stm32f401retx.o
LOAD ./Drivers/STM32F4xx_HAL_Driver/Src/stm32f4xx_hal.o
LOAD ./Drivers/STM32F4xx_HAL_Driver/Src/stm32f4xx_hal_cortex.o
LOAD ./Drivers/STM32F4xx_HAL_Driver/Src/stm32f4xx_hal_dma.o
LOAD ./Drivers/STM32F4xx_HAL_Driver/Src/stm32f4xx_hal_dma_ex.o
LOAD ./Drivers/STM32F4xx_HAL_Driver/Src/stm32f4xx_hal_exti.o
LOAD ./Drivers/STM32F4xx_HAL_Driver/Src/stm32f4xx_hal_flash.o
LOAD ./Drivers/STM32F4xx_HAL_Driver/Src/stm32f4xx_hal_flash_ex.o
LOAD ./Drivers/STM32F4xx_HAL_Driver/Src/stm32f4xx_hal_flash_ramfunc.o
LOAD ./Drivers/STM32F4xx_HAL_Driver/Src/stm32f4xx_hal_gpio.o
LOAD ./Drivers/STM32F4xx_HAL_Driver/Src/stm32f4xx_hal_pwr.o
LOAD ./Drivers/STM32F4xx_HAL_Driver/Src/stm32f4xx_hal_pwr_ex.o
LOAD ./Drivers/STM32F4xx_HAL_Driver/Src/stm32f4xx_hal_rcc.o
LOAD ./Drivers/STM32F4xx_HAL_Driver/Src/stm32f4xx_hal_rcc_ex.o
LOAD ./Drivers/STM32F4xx_HAL_Driver/Src/stm32f4xx_hal_tim.o
LOAD ./Drivers/STM32F4xx_HAL_Driver/Src/stm32f4xx_hal_tim_ex.o
LOAD ./Drivers/STM32F4xx_HAL_Driver/Src/stm32f4xx_hal_uart.o
START GROUP
LOAD C:/ST/STM32CubeIDE_1.14.0/STM32CubeIDE/plugins/com.st.stm32cube.ide.mcu.externaltools.gnu-tools-for-stm32.11.3.rel1.win32_1.1.100.202309141235/tools/bin/../lib/gcc/arm-none-eabi/11.3.1/../../../../arm-none-eabi/lib/thumb/v7e-m+fp/hard\libc_nano.a
LOAD C:/ST/STM32CubeIDE_1.14.0/STM32CubeIDE/plugins/com.st.stm32cube.ide.mcu.externaltools.gnu-tools-for-stm32.11.3.rel1.win32_1.1.100.202309141235/tools/bin/../lib/gcc/arm-none-eabi/11.3.1/../../../../arm-none-eabi/lib/thumb/v7e-m+fp/hard\libm.a
END GROUP
START GROUP
LOAD C:/ST/STM32CubeIDE_1.14.0/STM32CubeIDE/plugins/com.st.stm32cube.ide.mcu.externaltools.gnu-tools-for-stm32.11.3.rel1.win32_1.1.100.202309141235/tools/bin/../lib/gcc/arm-none-eabi/11.3.1/thumb/v7e-m+fp/hard\libgcc.a
LOAD C:/ST/STM32CubeIDE_1.14.0/STM32CubeIDE/plugins/com.st.stm32cube.ide.mcu.externaltools.gnu-tools-for-stm32.11.3.rel1.win32_1.1.100.202309141235/tools/bin/../lib/gcc/arm-none-eabi/11.3.1/../../../../arm-none-eabi/lib/thumb/v7e-m+fp/hard\libc_nano.a
END GROUP
START GROUP
LOAD C:/ST/STM32CubeIDE_1.14.0/STM32CubeIDE/plugins/com.st.stm32cube.ide.mcu.externaltools.gnu-tools-for-stm32.11.3.rel1.win32_1.1.100.202309141235/tools/bin/../lib/gcc/arm-none-eabi/11.3.1/thumb/v7e-m+fp/hard\libgcc.a
LOAD C:/ST/STM32CubeIDE_1.14.0/STM32CubeIDE/plugins/com.st.stm32cube.ide.mcu.externaltools.gnu-tools-for-stm32.11.3.rel1.win32_1.1.100.202309141235/tools/bin/../lib/gcc/arm-none-eabi/11.3.1/../../../../arm-none-eabi/lib/thumb/v7e-m+fp/hard\libc_nano.a
LOAD C:/ST/STM32CubeIDE_1.14.0/STM32CubeIDE/plugins/com.st.stm32cube.ide.mcu.externaltools.gnu-tools-for-stm32.11.3.rel1.win32_1.1.100.202309141235/tools/bin/../lib/gcc/arm-none-eabi/11.3.1/../../../../arm-none-eabi/lib/thumb/v7e-m+fp/hard\libnosys.a
END GROUP
START GROUP
LOAD C:/ST/STM32CubeIDE_1.14.0/STM32CubeIDE/plugins/com.st.stm32cube.ide.mcu.externaltools.gnu-tools-for-stm32.11.3.rel1.win32_1.1.100.202309141235/tools/bin/../lib/gcc/arm-none-eabi/11.3.1/thumb/v7e-m+fp/hard\libgcc.a
LOAD C:/ST/STM32CubeIDE_1.14.0/STM32CubeIDE/plugins/com.st.stm32cube.ide.mcu.externaltools.gnu-tools-for-stm32.11.3.rel1.win32_1.1.100.202309141235/tools/bin/../lib/gcc/arm-none-eabi/11.3.1/../../../../arm-none-eabi/lib/thumb/v7e-m+fp/hard\libc_nano.a
LOAD C:/ST/STM32CubeIDE_1.14.0/STM32CubeIDE/plugins/com.st.stm32cube.ide.mcu.externaltools.gnu-tools-for-stm32.11.3.rel1.win32_1.1.100.202309141235/tools/bin/../lib/gcc/arm-none-eabi/11.3.1/../../../../arm-none-eabi/lib/thumb/v7e-m+fp/hard\libnosys.a
END GROUP
LOAD C:/ST/STM32CubeIDE_1.14.0/STM32CubeIDE/plugins/com.st.stm32cube.ide.mcu.externaltools.gnu-tools-for-stm32.11.3.rel1.win32_1.1.100.202309141235/tools/bin/../lib/gcc/arm-none-eabi/11.3.1/thumb/v7e-m+fp/hard/crtend.o
LOAD C:/ST/STM32CubeIDE_1.14.0/STM32CubeIDE/plugins/com.st.stm32cube.ide.mcu.externaltools.gnu-tools-for-stm32.11.3.rel1.win32_1.1.100.202309141235/tools/bin/../lib/gcc/arm-none-eabi/11.3.1/thumb/v7e-m+fp/hard/crtn.o
                0x0000000020018000                _estack = (ORIGIN (RAM) + LENGTH (RAM))
                0x0000000000000200                _Min_Heap_Size = 0x200
                0x0000000000000400                _Min_Stack_Size = 0x400

.isr_vector     0x0000000008000000      0x194
                0x0000000008000000                . = ALIGN (0x4)
 *(.isr_vector)
 .isr_vector    0x0000000008000000      0x194 ./Core/Startup/startup_stm32f401retx.o
                0x0000000008000000                g_pfnVectors
                0x0000000008000194                . = ALIGN (0x4)

.text           0x00000000080001a0    0x18624
                0x00000000080001a0                . = ALIGN (0x4)
 *(.text)
 .text          0x00000000080001a0       0x40 C:/ST/STM32CubeIDE_1.14.0/STM32CubeIDE/plugins/com.st.stm32cube.ide.mcu.externaltools.gnu-tools-for-stm32.11.3.rel1.win32_1.1.100.202309141235/tools/bin/../lib/gcc/arm-none-eabi/11.3.1/thumb/v7e-m+fp/hard/crtbegin.o
 .text          0x00000000080001e0       0x14 C:/ST/STM32CubeIDE_1.14.0/STM32CubeIDE/plugins/com.st.stm32cube.ide.mcu.externaltools.gnu-tools-for-stm32.11.3.rel1.win32_1.1.100.202309141235/tools/bin/../lib/gcc/arm-none-eabi/11.3.1/../../../../arm-none-eabi/lib/thumb/v7e-m+fp/hard\libc_nano.a(libc_a-strcmp.o)
                0x00000000080001e0                strcmp
 .text          0x00000000080001f4       0x10 C:/ST/STM32CubeIDE_1.14.0/STM32CubeIDE/plugins/com.st.stm32cube.ide.mcu.externaltools.gnu-tools-for-stm32.11.3.rel1.win32_1.1.100.202309141235/tools/bin/../lib/gcc/arm-none-eabi/11.3.1/../../../../arm-none-eabi/lib/thumb/v7e-m+fp/hard\libc_nano.a(libc_a-strlen.o)
                0x00000000080001f4                strlen
 *fill*         0x0000000008000204        0xc 
 .text          0x0000000008000210       0xa0 C:/ST/STM32CubeIDE_1.14.0/STM32CubeIDE/plugins/com.st.stm32cube.ide.mcu.externaltools.gnu-tools-for-stm32.11.3.rel1.win32_1.1.100.202309141235/tools/bin/../lib/gcc/arm-none-eabi/11.3.1/../../../../arm-none-eabi/lib/thumb/v7e-m+fp/hard\libc_nano.a(libc_a-memchr.o)
                0x0000000008000210                memchr
 .text          0x00000000080002b0      0x378 C:/ST/STM32CubeIDE_1.14.0/STM32CubeIDE/plugins/com.st.stm32cube.ide.mcu.externaltools.gnu-tools-for-stm32.11.3.rel1.win32_1.1.100.202309141235/tools/bin/../lib/gcc/arm-none-eabi/11.3.1/thumb/v7e-m+fp/hard\libgcc.a(_arm_addsubdf3.o)
                0x00000000080002b0                __aeabi_drsub
                0x00000000080002b8                __aeabi_dsub
                0x00000000080002b8                __subdf3
                0x00000000080002bc                __aeabi_dadd
                0x00000000080002bc                __adddf3
                0x0000000008000534                __floatunsidf
                0x0000000008000534                __aeabi_ui2d
                0x0000000008000554                __floatsidf
                0x0000000008000554                __aeabi_i2d
                0x0000000008000578                __aeabi_f2d
                0x0000000008000578                __extendsfdf2
                0x00000000080005bc                __floatundidf
                0x00000000080005bc                __aeabi_ul2d
                0x00000000080005cc                __floatdidf
                0x00000000080005cc                __aeabi_l2d
 .text          0x0000000008000628      0x424 C:/ST/STM32CubeIDE_1.14.0/STM32CubeIDE/plugins/com.st.stm32cube.ide.mcu.externaltools.gnu-tools-for-stm32.11.3.rel1.win32_1.1.100.202309141235/tools/bin/../lib/gcc/arm-none-eabi/11.3.1/thumb/v7e-m+fp/hard\libgcc.a(_arm_muldivdf3.o)
                0x0000000008000628                __aeabi_dmul
                0x0000000008000628                __muldf3
                0x000000000800087c                __divdf3
                0x000000000800087c                __aeabi_ddiv
 .text          0x0000000008000a4c      0x110 C:/ST/STM32CubeIDE_1.14.0/STM32CubeIDE/plugins/com.st.stm32cube.ide.mcu.externaltools.gnu-tools-for-stm32.11.3.rel1.win32_1.1.100.202309141235/tools/bin/../lib/gcc/arm-none-eabi/11.3.1/thumb/v7e-m+fp/hard\libgcc.a(_arm_cmpdf2.o)
                0x0000000008000a4c                __gtdf2
                0x0000000008000a4c                __gedf2
                0x0000000008000a54                __ltdf2
                0x0000000008000a54                __ledf2
                0x0000000008000a5c                __nedf2
                0x0000000008000a5c                __eqdf2
                0x0000000008000a5c                __cmpdf2
                0x0000000008000ad8                __aeabi_cdrcmple
                0x0000000008000ae8                __aeabi_cdcmpeq
                0x0000000008000ae8                __aeabi_cdcmple
                0x0000000008000af8                __aeabi_dcmpeq
                0x0000000008000b0c                __aeabi_dcmplt
                0x0000000008000b20                __aeabi_dcmple
                0x0000000008000b34                __aeabi_dcmpge
                0x0000000008000b48                __aeabi_dcmpgt
 .text          0x0000000008000b5c       0x50 C:/ST/STM32CubeIDE_1.14.0/STM32CubeIDE/plugins/com.st.stm32cube.ide.mcu.externaltools.gnu-tools-for-stm32.11.3.rel1.win32_1.1.100.202309141235/tools/bin/../lib/gcc/arm-none-eabi/11.3.1/thumb/v7e-m+fp/hard\libgcc.a(_arm_fixdfsi.o)
                0x0000000008000b5c                __aeabi_d2iz
                0x0000000008000b5c                __fixdfsi
 .text          0x0000000008000bac       0x40 C:/ST/STM32CubeIDE_1.14.0/STM32CubeIDE/plugins/com.st.stm32cube.ide.mcu.externaltools.gnu-tools-for-stm32.11.3.rel1.win32_1.1.100.202309141235/tools/bin/../lib/gcc/arm-none-eabi/11.3.1/thumb/v7e-m+fp/hard\libgcc.a(_arm_fixunsdfsi.o)
                0x0000000008000bac                __aeabi_d2uiz
                0x0000000008000bac                __fixunsdfsi
 .text          0x0000000008000bec       0x30 C:/ST/STM32CubeIDE_1.14.0/STM32CubeIDE/plugins/com.st.stm32cube.ide.mcu.externaltools.gnu-tools-for-stm32.11.3.rel1.win32_1.1.100.202309141235/tools/bin/../lib/gcc/arm-none-eabi/11.3.1/thumb/v7e-m+fp/hard\libgcc.a(_aeabi_uldivmod.o)
                0x0000000008000bec                __aeabi_uldivmod
 .text          0x0000000008000c1c       0x30 C:/ST/STM32CubeIDE_1.14.0/STM32CubeIDE/plugins/com.st.stm32cube.ide.mcu.externaltools.gnu-tools-for-stm32.11.3.rel1.win32_1.1.100.202309141235/tools/bin/../lib/gcc/arm-none-eabi/11.3.1/thumb/v7e-m+fp/hard\libgcc.a(_fixdfdi.o)
                0x0000000008000c1c                __fixdfdi
                0x0000000008000c1c                __aeabi_d2lz
 .text          0x0000000008000c4c       0x3c C:/ST/STM32CubeIDE_1.14.0/STM32CubeIDE/plugins/com.st.stm32cube.ide.mcu.externaltools.gnu-tools-for-stm32.11.3.rel1.win32_1.1.100.202309141235/tools/bin/../lib/gcc/arm-none-eabi/11.3.1/thumb/v7e-m+fp/hard\libgcc.a(_fixunsdfdi.o)
                0x0000000008000c4c                __fixunsdfdi
                0x0000000008000c4c                __aeabi_d2ulz
 .text          0x0000000008000c88      0x2c8 C:/ST/STM32CubeIDE_1.14.0/STM32CubeIDE/plugins/com.st.stm32cube.ide.mcu.externaltools.gnu-tools-for-stm32.11.3.rel1.win32_1.1.100.202309141235/tools/bin/../lib/gcc/arm-none-eabi/11.3.1/thumb/v7e-m+fp/hard\libgcc.a(_udivmoddi4.o)
                0x0000000008000c88                __udivmoddi4
 .text          0x0000000008000f50        0x4 C:/ST/STM32CubeIDE_1.14.0/STM32CubeIDE/plugins/com.st.stm32cube.ide.mcu.externaltools.gnu-tools-for-stm32.11.3.rel1.win32_1.1.100.202309141235/tools/bin/../lib/gcc/arm-none-eabi/11.3.1/thumb/v7e-m+fp/hard\libgcc.a(_dvmd_tls.o)
                0x0000000008000f50                __aeabi_idiv0
                0x0000000008000f50                __aeabi_ldiv0
 *(.text*)
 .text.HAL_TIM_PeriodElapsedCallback
                0x0000000008000f54       0x20 ./Core/Src/main.o
                0x0000000008000f54                HAL_TIM_PeriodElapsedCallback
 .text.main     0x0000000008000f74       0x50 ./Core/Src/main.o
                0x0000000008000f74                main
 .text.SystemClock_Config
                0x0000000008000fc4       0xd8 ./Core/Src/main.o
                0x0000000008000fc4                SystemClock_Config
 .text.MX_TIM2_Init
                0x000000000800109c       0x9c ./Core/Src/main.o
 .text.MX_USART2_UART_Init
                0x0000000008001138       0x54 ./Core/Src/main.o
 .text.MX_GPIO_Init
                0x000000000800118c       0xdc ./Core/Src/main.o
 .text.Error_Handler
                0x0000000008001268        0xa ./Core/Src/main.o
                0x0000000008001268                Error_Handler
 *fill*         0x0000000008001272        0x2 
 .text.c_object_led
                0x0000000008001274       0x2c ./Core/Src/mrubyc.o
 .text.start_mrubyc
                0x00000000080012a0       0x54 ./Core/Src/mrubyc.o
                0x00000000080012a0                start_mrubyc
 .text.HAL_MspInit
                0x00000000080012f4       0x50 ./Core/Src/stm32f4xx_hal_msp.o
                0x00000000080012f4                HAL_MspInit
 .text.HAL_TIM_Base_MspInit
                0x0000000008001344       0x4c ./Core/Src/stm32f4xx_hal_msp.o
                0x0000000008001344                HAL_TIM_Base_MspInit
 .text.HAL_UART_MspInit
                0x0000000008001390       0x90 ./Core/Src/stm32f4xx_hal_msp.o
                0x0000000008001390                HAL_UART_MspInit
 .text.NMI_Handler
                0x0000000008001420        0x6 ./Core/Src/stm32f4xx_it.o
                0x0000000008001420                NMI_Handler
 .text.HardFault_Handler
                0x0000000008001426        0x6 ./Core/Src/stm32f4xx_it.o
                0x0000000008001426                HardFault_Handler
 .text.MemManage_Handler
                0x000000000800142c        0x6 ./Core/Src/stm32f4xx_it.o
                0x000000000800142c                MemManage_Handler
 .text.BusFault_Handler
                0x0000000008001432        0x6 ./Core/Src/stm32f4xx_it.o
                0x0000000008001432                BusFault_Handler
 .text.UsageFault_Handler
                0x0000000008001438        0x6 ./Core/Src/stm32f4xx_it.o
                0x0000000008001438                UsageFault_Handler
 .text.SVC_Handler
                0x000000000800143e        0xe ./Core/Src/stm32f4xx_it.o
                0x000000000800143e                SVC_Handler
 .text.DebugMon_Handler
                0x000000000800144c        0xe ./Core/Src/stm32f4xx_it.o
                0x000000000800144c                DebugMon_Handler
 .text.PendSV_Handler
                0x000000000800145a        0xe ./Core/Src/stm32f4xx_it.o
                0x000000000800145a                PendSV_Handler
 .text.SysTick_Handler
                0x0000000008001468        0xc ./Core/Src/stm32f4xx_it.o
                0x0000000008001468                SysTick_Handler
 .text.TIM2_IRQHandler
                0x0000000008001474       0x14 ./Core/Src/stm32f4xx_it.o
                0x0000000008001474                TIM2_IRQHandler
 .text._getpid  0x0000000008001488       0x10 ./Core/Src/syscalls.o
                0x0000000008001488                _getpid
 .text._kill    0x0000000008001498       0x20 ./Core/Src/syscalls.o
                0x0000000008001498                _kill
 .text._exit    0x00000000080014b8       0x14 ./Core/Src/syscalls.o
                0x00000000080014b8                _exit
 .text._read    0x00000000080014cc       0x3a ./Core/Src/syscalls.o
                0x00000000080014cc                _read
 .text._write   0x0000000008001506       0x38 ./Core/Src/syscalls.o
                0x0000000008001506                _write
 .text._close   0x000000000800153e       0x18 ./Core/Src/syscalls.o
                0x000000000800153e                _close
 .text._fstat   0x0000000008001556       0x20 ./Core/Src/syscalls.o
                0x0000000008001556                _fstat
 .text._isatty  0x0000000008001576       0x16 ./Core/Src/syscalls.o
                0x0000000008001576                _isatty
 .text._lseek   0x000000000800158c       0x1a ./Core/Src/syscalls.o
                0x000000000800158c                _lseek
 *fill*         0x00000000080015a6        0x2 
 .text._sbrk    0x00000000080015a8       0x6c ./Core/Src/sysmem.o
                0x00000000080015a8                _sbrk
 .text.SystemInit
                0x0000000008001614       0x24 ./Core/Src/system_stm32f4xx.o
                0x0000000008001614                SystemInit
 .text.nlz16    0x0000000008001638       0x72 ./Core/Src/mrubyc/alloc.o
 .text.nlz8     0x00000000080016aa       0x5c ./Core/Src/mrubyc/alloc.o
 *fill*         0x0000000008001706        0x2 
 .text.calc_index
                0x0000000008001708       0x94 ./Core/Src/mrubyc/alloc.o
 .text.add_free_block
                0x000000000800179c       0xec ./Core/Src/mrubyc/alloc.o
 .text.remove_free_block
                0x0000000008001888       0xc8 ./Core/Src/mrubyc/alloc.o
 .text.split_block
                0x0000000008001950       0x78 ./Core/Src/mrubyc/alloc.o
 .text.merge_block
                0x00000000080019c8       0x48 ./Core/Src/mrubyc/alloc.o
 .text.mrbc_init_alloc
                0x0000000008001a10       0xb8 ./Core/Src/mrubyc/alloc.o
                0x0000000008001a10                mrbc_init_alloc
 .text.mrbc_raw_alloc
                0x0000000008001ac8      0x2c0 ./Core/Src/mrubyc/alloc.o
                0x0000000008001ac8                mrbc_raw_alloc
 .text.mrbc_raw_alloc_no_free
                0x0000000008001d88       0xf8 ./Core/Src/mrubyc/alloc.o
                0x0000000008001d88                mrbc_raw_alloc_no_free
 .text.mrbc_raw_free
                0x0000000008001e80      0x138 ./Core/Src/mrubyc/alloc.o
                0x0000000008001e80                mrbc_raw_free
 .text.mrbc_raw_realloc
                0x0000000008001fb8      0x138 ./Core/Src/mrubyc/alloc.o
                0x0000000008001fb8                mrbc_raw_realloc
 .text.mrbc_alloc_statistics
                0x00000000080020f0       0xc0 ./Core/Src/mrubyc/alloc.o
                0x00000000080020f0                mrbc_alloc_statistics
 .text.mrbc_incref
                0x00000000080021b0       0x68 ./Core/Src/mrubyc/c_array.o
 .text.mrbc_decref
                0x0000000008002218       0x8c ./Core/Src/mrubyc/c_array.o
 .text.mrbc_decref_empty
                0x00000000080022a4       0x1c ./Core/Src/mrubyc/c_array.o
 .text.mrbc_string_new_cstr
                0x00000000080022c0       0x30 ./Core/Src/mrubyc/c_array.o
 .text.mrbc_string_append_cstr
                0x00000000080022f0       0x26 ./Core/Src/mrubyc/c_array.o
 .text.mrbc_array_size
                0x0000000008002316       0x1a ./Core/Src/mrubyc/c_array.o
 .text.mrbc_array_delete_handle
                0x0000000008002330       0x26 ./Core/Src/mrubyc/c_array.o
 .text.mrbc_array_new
                0x0000000008002356       0xa4 ./Core/Src/mrubyc/c_array.o
                0x0000000008002356                mrbc_array_new
 .text.mrbc_array_delete
                0x00000000080023fa       0x46 ./Core/Src/mrubyc/c_array.o
                0x00000000080023fa                mrbc_array_delete
 .text.mrbc_array_resize
                0x0000000008002440       0x44 ./Core/Src/mrubyc/c_array.o
                0x0000000008002440                mrbc_array_resize
 .text.mrbc_array_set
                0x0000000008002484       0xc8 ./Core/Src/mrubyc/c_array.o
                0x0000000008002484                mrbc_array_set
 .text.mrbc_array_get
                0x000000000800254c       0x6a ./Core/Src/mrubyc/c_array.o
                0x000000000800254c                mrbc_array_get
 .text.mrbc_array_push
                0x00000000080025b6       0x5e ./Core/Src/mrubyc/c_array.o
                0x00000000080025b6                mrbc_array_push
 .text.mrbc_array_push_m
                0x0000000008002614       0x78 ./Core/Src/mrubyc/c_array.o
                0x0000000008002614                mrbc_array_push_m
 .text.mrbc_array_pop
                0x000000000800268c       0x5a ./Core/Src/mrubyc/c_array.o
                0x000000000800268c                mrbc_array_pop
 .text.mrbc_array_unshift
                0x00000000080026e6       0x1e ./Core/Src/mrubyc/c_array.o
                0x00000000080026e6                mrbc_array_unshift
 .text.mrbc_array_shift
                0x0000000008002704       0x76 ./Core/Src/mrubyc/c_array.o
                0x0000000008002704                mrbc_array_shift
 .text.mrbc_array_insert
                0x000000000800277a      0x11c ./Core/Src/mrubyc/c_array.o
                0x000000000800277a                mrbc_array_insert
 .text.mrbc_array_remove
                0x0000000008002896       0xb6 ./Core/Src/mrubyc/c_array.o
                0x0000000008002896                mrbc_array_remove
 .text.mrbc_array_clear
                0x000000000800294c       0x46 ./Core/Src/mrubyc/c_array.o
                0x000000000800294c                mrbc_array_clear
 .text.mrbc_array_compare
                0x0000000008002992       0x78 ./Core/Src/mrubyc/c_array.o
                0x0000000008002992                mrbc_array_compare
 .text.mrbc_array_minmax
                0x0000000008002a0a       0xa6 ./Core/Src/mrubyc/c_array.o
                0x0000000008002a0a                mrbc_array_minmax
 .text.mrbc_array_dup
                0x0000000008002ab0       0x96 ./Core/Src/mrubyc/c_array.o
                0x0000000008002ab0                mrbc_array_dup
 .text.mrbc_array_divide
                0x0000000008002b46       0xae ./Core/Src/mrubyc/c_array.o
                0x0000000008002b46                mrbc_array_divide
 .text.mrbc_array_include
                0x0000000008002bf4       0x52 ./Core/Src/mrubyc/c_array.o
                0x0000000008002bf4                mrbc_array_include
 *fill*         0x0000000008002c46        0x2 
 .text.c_array_new
                0x0000000008002c48      0x198 ./Core/Src/mrubyc/c_array.o
 .text.c_array_add
                0x0000000008002de0       0xf4 ./Core/Src/mrubyc/c_array.o
 .text.c_array_get
                0x0000000008002ed4      0x214 ./Core/Src/mrubyc/c_array.o
 .text.c_array_set
                0x00000000080030e8      0x1c4 ./Core/Src/mrubyc/c_array.o
 .text.c_array_clear
                0x00000000080032ac       0x1a ./Core/Src/mrubyc/c_array.o
 *fill*         0x00000000080032c6        0x2 
 .text.c_array_delete_at
                0x00000000080032c8       0x6c ./Core/Src/mrubyc/c_array.o
 .text.c_array_empty
                0x0000000008003334       0x3c ./Core/Src/mrubyc/c_array.o
 .text.c_array_size
                0x0000000008003370       0x32 ./Core/Src/mrubyc/c_array.o
 .text.c_array_include
                0x00000000080033a2       0x3c ./Core/Src/mrubyc/c_array.o
 *fill*         0x00000000080033de        0x2 
 .text.c_array_and
                0x00000000080033e0       0xbc ./Core/Src/mrubyc/c_array.o
 .text.c_array_or
                0x000000000800349c       0xf4 ./Core/Src/mrubyc/c_array.o
 .text.c_array_first
                0x0000000008003590       0x4e ./Core/Src/mrubyc/c_array.o
 .text.c_array_last
                0x00000000080035de       0x50 ./Core/Src/mrubyc/c_array.o
 .text.c_array_push
                0x000000000800362e       0x28 ./Core/Src/mrubyc/c_array.o
 *fill*         0x0000000008003656        0x2 
 .text.c_array_pop
                0x0000000008003658       0xac ./Core/Src/mrubyc/c_array.o
 .text.c_array_unshift
                0x0000000008003704       0x28 ./Core/Src/mrubyc/c_array.o
 .text.c_array_shift
                0x000000000800372c       0xdc ./Core/Src/mrubyc/c_array.o
 .text.c_array_dup
                0x0000000008003808       0x36 ./Core/Src/mrubyc/c_array.o
 .text.c_array_min
                0x000000000800383e       0x5e ./Core/Src/mrubyc/c_array.o
 .text.c_array_max
                0x000000000800389c       0x5e ./Core/Src/mrubyc/c_array.o
 .text.c_array_minmax
                0x00000000080038fa       0xac ./Core/Src/mrubyc/c_array.o
 *fill*         0x00000000080039a6        0x2 
 .text.c_array_inspect
                0x00000000080039a8      0x114 ./Core/Src/mrubyc/c_array.o
 .text.c_array_join_1
                0x0000000008003abc       0xd8 ./Core/Src/mrubyc/c_array.o
 .text.c_array_join
                0x0000000008003b94       0xb4 ./Core/Src/mrubyc/c_array.o
 .text.mrbc_incref
                0x0000000008003c48       0x68 ./Core/Src/mrubyc/c_hash.o
 .text.mrbc_decref
                0x0000000008003cb0       0x8c ./Core/Src/mrubyc/c_hash.o
 .text.mrbc_string_new_cstr
                0x0000000008003d3c       0x30 ./Core/Src/mrubyc/c_hash.o
 .text.mrbc_string_append_cstr
                0x0000000008003d6c       0x26 ./Core/Src/mrubyc/c_hash.o
 .text.mrbc_hash_size
                0x0000000008003d92       0x1e ./Core/Src/mrubyc/c_hash.o
 .text.mrbc_hash_iterator_new
                0x0000000008003db0       0x40 ./Core/Src/mrubyc/c_hash.o
 .text.mrbc_hash_i_has_next
                0x0000000008003df0       0x26 ./Core/Src/mrubyc/c_hash.o
 .text.mrbc_hash_i_next
                0x0000000008003e16       0x28 ./Core/Src/mrubyc/c_hash.o
 .text.mrbc_hash_new
                0x0000000008003e3e       0xa8 ./Core/Src/mrubyc/c_hash.o
                0x0000000008003e3e                mrbc_hash_new
 .text.mrbc_hash_delete
                0x0000000008003ee6       0x16 ./Core/Src/mrubyc/c_hash.o
                0x0000000008003ee6                mrbc_hash_delete
 .text.mrbc_hash_search
                0x0000000008003efc       0x4c ./Core/Src/mrubyc/c_hash.o
                0x0000000008003efc                mrbc_hash_search
 .text.mrbc_hash_search_by_id
                0x0000000008003f48       0x5a ./Core/Src/mrubyc/c_hash.o
                0x0000000008003f48                mrbc_hash_search_by_id
 .text.mrbc_hash_set
                0x0000000008003fa2       0x74 ./Core/Src/mrubyc/c_hash.o
                0x0000000008003fa2                mrbc_hash_set
 .text.mrbc_hash_get
                0x0000000008004016       0x4c ./Core/Src/mrubyc/c_hash.o
                0x0000000008004016                mrbc_hash_get
 .text.mrbc_hash_remove
                0x0000000008004062       0x8c ./Core/Src/mrubyc/c_hash.o
                0x0000000008004062                mrbc_hash_remove
 .text.mrbc_hash_remove_by_id
                0x00000000080040ee       0x86 ./Core/Src/mrubyc/c_hash.o
                0x00000000080040ee                mrbc_hash_remove_by_id
 .text.mrbc_hash_clear
                0x0000000008004174       0x16 ./Core/Src/mrubyc/c_hash.o
                0x0000000008004174                mrbc_hash_clear
 .text.mrbc_hash_compare
                0x000000000800418a       0x82 ./Core/Src/mrubyc/c_hash.o
                0x000000000800418a                mrbc_hash_compare
 .text.mrbc_hash_dup
                0x000000000800420c       0x98 ./Core/Src/mrubyc/c_hash.o
                0x000000000800420c                mrbc_hash_dup
 .text.c_hash_new
                0x00000000080042a4       0x44 ./Core/Src/mrubyc/c_hash.o
 .text.c_hash_get
                0x00000000080042e8       0x6c ./Core/Src/mrubyc/c_hash.o
 .text.c_hash_set
                0x0000000008004354       0x50 ./Core/Src/mrubyc/c_hash.o
 .text.c_hash_clear
                0x00000000080043a4       0x1a ./Core/Src/mrubyc/c_hash.o
 .text.c_hash_dup
                0x00000000080043be       0x44 ./Core/Src/mrubyc/c_hash.o
 .text.c_hash_delete
                0x0000000008004402       0x48 ./Core/Src/mrubyc/c_hash.o
 .text.c_hash_empty
                0x000000000800444a       0x3c ./Core/Src/mrubyc/c_hash.o
 .text.c_hash_has_key
                0x0000000008004486       0x42 ./Core/Src/mrubyc/c_hash.o
 .text.c_hash_has_value
                0x00000000080044c8       0x7e ./Core/Src/mrubyc/c_hash.o
 .text.c_hash_key
                0x0000000008004546       0x9a ./Core/Src/mrubyc/c_hash.o
 .text.c_hash_keys
                0x00000000080045e0       0x86 ./Core/Src/mrubyc/c_hash.o
 .text.c_hash_size
                0x0000000008004666       0x32 ./Core/Src/mrubyc/c_hash.o
 .text.c_hash_merge
                0x0000000008004698       0x96 ./Core/Src/mrubyc/c_hash.o
 .text.c_hash_merge_self
                0x000000000800472e       0x64 ./Core/Src/mrubyc/c_hash.o
 .text.c_hash_values
                0x0000000008004792       0x8a ./Core/Src/mrubyc/c_hash.o
 .text.c_hash_inspect
                0x000000000800481c      0x16c ./Core/Src/mrubyc/c_hash.o
 .text.mrbc_decref
                0x0000000008004988       0x8c ./Core/Src/mrubyc/c_numeric.o
 .text.mrbc_string_new_cstr
                0x0000000008004a14       0x30 ./Core/Src/mrubyc/c_numeric.o
 .text.mrbc_printf_init
                0x0000000008004a44       0x44 ./Core/Src/mrubyc/c_numeric.o
 .text.mrbc_printf_end
                0x0000000008004a88       0x1c ./Core/Src/mrubyc/c_numeric.o
 .text.c_integer_bitref
                0x0000000008004aa4       0x76 ./Core/Src/mrubyc/c_numeric.o
 .text.c_integer_positive
                0x0000000008004b1a       0x18 ./Core/Src/mrubyc/c_numeric.o
 .text.c_integer_negative
                0x0000000008004b32       0x32 ./Core/Src/mrubyc/c_numeric.o
 .text.c_integer_power
                0x0000000008004b64       0x6c ./Core/Src/mrubyc/c_numeric.o
 .text.c_integer_mod
                0x0000000008004bd0       0x42 ./Core/Src/mrubyc/c_numeric.o
 .text.c_integer_and
                0x0000000008004c12       0x38 ./Core/Src/mrubyc/c_numeric.o
 .text.c_integer_or
                0x0000000008004c4a       0x38 ./Core/Src/mrubyc/c_numeric.o
 .text.c_integer_xor
                0x0000000008004c82       0x38 ./Core/Src/mrubyc/c_numeric.o
 .text.c_integer_not
                0x0000000008004cba       0x32 ./Core/Src/mrubyc/c_numeric.o
 .text.shift    0x0000000008004cec       0x4e ./Core/Src/mrubyc/c_numeric.o
 .text.c_integer_lshift
                0x0000000008004d3a       0x3c ./Core/Src/mrubyc/c_numeric.o
 .text.c_integer_rshift
                0x0000000008004d76       0x40 ./Core/Src/mrubyc/c_numeric.o
 .text.c_integer_abs
                0x0000000008004db6       0x2a ./Core/Src/mrubyc/c_numeric.o
 .text.c_numeric_clamp
                0x0000000008004de0      0x12c ./Core/Src/mrubyc/c_numeric.o
 .text.c_integer_to_f
                0x0000000008004f0c       0x44 ./Core/Src/mrubyc/c_numeric.o
 .text.c_integer_chr
                0x0000000008004f50       0x54 ./Core/Src/mrubyc/c_numeric.o
 .text.c_integer_inspect
                0x0000000008004fa4       0xd8 ./Core/Src/mrubyc/c_numeric.o
 .text.c_float_positive
                0x000000000800507c       0x18 ./Core/Src/mrubyc/c_numeric.o
 .text.c_float_negative
                0x0000000008005094       0x40 ./Core/Src/mrubyc/c_numeric.o
 .text.c_float_abs
                0x00000000080050d4       0x40 ./Core/Src/mrubyc/c_numeric.o
 .text.c_float_to_i
                0x0000000008005114       0x3c ./Core/Src/mrubyc/c_numeric.o
 .text.c_float_inspect
                0x0000000008005150       0x90 ./Core/Src/mrubyc/c_numeric.o
 .text.mrbc_incref
                0x00000000080051e0       0x68 ./Core/Src/mrubyc/c_object.o
 .text.mrbc_decref
                0x0000000008005248       0x8c ./Core/Src/mrubyc/c_object.o
 .text.mrbc_decref_empty
                0x00000000080052d4       0x1c ./Core/Src/mrubyc/c_object.o
 .text.mrbc_symbol_cstr
                0x00000000080052f0       0x1e ./Core/Src/mrubyc/c_object.o
 .text.mrbc_is_nested_symid
                0x000000000800530e       0x34 ./Core/Src/mrubyc/c_object.o
 *fill*         0x0000000008005342        0x2 
 .text.find_class_by_object
                0x0000000008005344       0xac ./Core/Src/mrubyc/c_object.o
 .text.mrbc_string_new_cstr
                0x00000000080053f0       0x30 ./Core/Src/mrubyc/c_object.o
 .text.mrbc_string_size
                0x0000000008005420       0x1a ./Core/Src/mrubyc/c_object.o
 .text.mrbc_string_cstr
                0x000000000800543a       0x1a ./Core/Src/mrubyc/c_object.o
 .text.mrbc_printf_init
                0x0000000008005454       0x44 ./Core/Src/mrubyc/c_object.o
 .text.mrbc_printf_end
                0x0000000008005498       0x1c ./Core/Src/mrubyc/c_object.o
 .text.mrbc_printf_len
                0x00000000080054b4       0x1e ./Core/Src/mrubyc/c_object.o
 .text.mrbc_printf_str
                0x00000000080054d2       0x34 ./Core/Src/mrubyc/c_object.o
 *fill*         0x0000000008005506        0x2 
 .text.set_sym_name_by_id
                0x0000000008005508       0xa4 ./Core/Src/mrubyc/c_object.o
 .text.mrbc_instance_call_initialize
                0x00000000080055ac       0x96 ./Core/Src/mrubyc/c_object.o
                0x00000000080055ac                mrbc_instance_call_initialize
 .text.c_object_new
                0x0000000008005642       0x36 ./Core/Src/mrubyc/c_object.o
 .text.c_object_not
                0x0000000008005678       0x3e ./Core/Src/mrubyc/c_object.o
 .text.c_object_neq
                0x00000000080056b6       0x3e ./Core/Src/mrubyc/c_object.o
 .text.c_object_compare
                0x00000000080056f4       0x38 ./Core/Src/mrubyc/c_object.o
 .text.c_object_equal2
                0x000000000800572c       0x3e ./Core/Src/mrubyc/c_object.o
 .text.c_object_equal3
                0x000000000800576a       0x6a ./Core/Src/mrubyc/c_object.o
 .text.c_object_class
                0x00000000080057d4       0x54 ./Core/Src/mrubyc/c_object.o
 .text.c_object_dup
                0x0000000008005828       0x5a ./Core/Src/mrubyc/c_object.o
 .text.c_object_block_given
                0x0000000008005882       0x90 ./Core/Src/mrubyc/c_object.o
 *fill*         0x0000000008005912        0x2 
 .text.c_object_kind_of
                0x0000000008005914       0x5c ./Core/Src/mrubyc/c_object.o
 .text.c_object_nil
                0x0000000008005970       0x34 ./Core/Src/mrubyc/c_object.o
 .text.c_object_p
                0x00000000080059a4      0x10e ./Core/Src/mrubyc/c_object.o
 .text.c_object_print
                0x0000000008005ab2       0x38 ./Core/Src/mrubyc/c_object.o
 .text.c_object_puts
                0x0000000008005aea       0x5c ./Core/Src/mrubyc/c_object.o
 *fill*         0x0000000008005b46        0x2 
 .text.c_object_raise
                0x0000000008005b48      0x228 ./Core/Src/mrubyc/c_object.o
 .text.c_object_object_id
                0x0000000008005d70       0x2c ./Core/Src/mrubyc/c_object.o
 .text.c_object_instance_methods
                0x0000000008005d9c       0x88 ./Core/Src/mrubyc/c_object.o
 .text.c_object_instance_variables
                0x0000000008005e24       0xa8 ./Core/Src/mrubyc/c_object.o
 .text.c_object_memory_statistics
                0x0000000008005ecc      0x1e8 ./Core/Src/mrubyc/c_object.o
 .text.c_object_getiv
                0x00000000080060b4       0x50 ./Core/Src/mrubyc/c_object.o
 .text.c_object_setiv
                0x0000000008006104       0x74 ./Core/Src/mrubyc/c_object.o
 .text.c_object_attr_reader
                0x0000000008006178       0x6c ./Core/Src/mrubyc/c_object.o
 .text.c_object_attr_accessor
                0x00000000080061e4       0xd4 ./Core/Src/mrubyc/c_object.o
 .text.c_object_sprintf
                0x00000000080062b8      0x4e4 ./Core/Src/mrubyc/c_object.o
 .text.c_object_printf
                0x000000000800679c       0x42 ./Core/Src/mrubyc/c_object.o
 *fill*         0x00000000080067de        0x2 
 .text.c_object_to_s
                0x00000000080067e0       0xac ./Core/Src/mrubyc/c_object.o
 .text.c_proc_new
                0x000000000800688c       0x48 ./Core/Src/mrubyc/c_object.o
 .text.c_proc_call
                0x00000000080068d4       0x98 ./Core/Src/mrubyc/c_object.o
 .text.c_nil_to_i
                0x000000000800696c       0x2c ./Core/Src/mrubyc/c_object.o
 .text.c_nil_to_a
                0x0000000008006998       0x2a ./Core/Src/mrubyc/c_object.o
 .text.c_nil_to_h
                0x00000000080069c2       0x2a ./Core/Src/mrubyc/c_object.o
 .text.c_nil_to_f
                0x00000000080069ec       0x2c ./Core/Src/mrubyc/c_object.o
 .text.c_nil_inspect
                0x0000000008006a18       0x30 ./Core/Src/mrubyc/c_object.o
 .text.c_nil_to_s
                0x0000000008006a48       0x2a ./Core/Src/mrubyc/c_object.o
 *fill*         0x0000000008006a72        0x2 
 .text.c_true_to_s
                0x0000000008006a74       0x30 ./Core/Src/mrubyc/c_object.o
 .text.c_false_to_s
                0x0000000008006aa4       0x30 ./Core/Src/mrubyc/c_object.o
 .text.mrbc_decref
                0x0000000008006ad4       0x8c ./Core/Src/mrubyc/c_range.o
 .text.mrbc_string_new_cstr
                0x0000000008006b60       0x30 ./Core/Src/mrubyc/c_range.o
 .text.mrbc_string_append_cstr
                0x0000000008006b90       0x26 ./Core/Src/mrubyc/c_range.o
 .text.mrbc_range_first
                0x0000000008006bb6       0x24 ./Core/Src/mrubyc/c_range.o
 .text.mrbc_range_last
                0x0000000008006bda       0x24 ./Core/Src/mrubyc/c_range.o
 .text.mrbc_range_new
                0x0000000008006bfe       0x90 ./Core/Src/mrubyc/c_range.o
                0x0000000008006bfe                mrbc_range_new
 .text.mrbc_range_delete
                0x0000000008006c8e       0x32 ./Core/Src/mrubyc/c_range.o
                0x0000000008006c8e                mrbc_range_delete
 .text.mrbc_range_compare
                0x0000000008006cc0       0x66 ./Core/Src/mrubyc/c_range.o
                0x0000000008006cc0                mrbc_range_compare
 *fill*         0x0000000008006d26        0x2 
 .text.c_range_equal3
                0x0000000008006d28       0xe4 ./Core/Src/mrubyc/c_range.o
 .text.c_range_first
                0x0000000008006e0c       0x42 ./Core/Src/mrubyc/c_range.o
 .text.c_range_last
                0x0000000008006e4e       0x42 ./Core/Src/mrubyc/c_range.o
 .text.c_range_exclude_end
                0x0000000008006e90       0x38 ./Core/Src/mrubyc/c_range.o
 .text.c_range_inspect
                0x0000000008006ec8      0x10c ./Core/Src/mrubyc/c_range.o
 .text.mrbc_incref
                0x0000000008006fd4       0x68 ./Core/Src/mrubyc/c_string.o
 .text.mrbc_decref
                0x000000000800703c       0x8c ./Core/Src/mrubyc/c_string.o
 .text.mrbc_string_new_cstr
                0x00000000080070c8       0x30 ./Core/Src/mrubyc/c_string.o
 .text.mrbc_string_size
                0x00000000080070f8       0x1a ./Core/Src/mrubyc/c_string.o
 .text.mrbc_string_cstr
                0x0000000008007112       0x1a ./Core/Src/mrubyc/c_string.o
 .text.mrbc_string_append_cstr
                0x000000000800712c       0x26 ./Core/Src/mrubyc/c_string.o
 .text.mrbc_array_size
                0x0000000008007152       0x1a ./Core/Src/mrubyc/c_string.o
 .text.is_space
                0x000000000800716c       0x40 ./Core/Src/mrubyc/c_string.o
 .text.mrbc_string_new
                0x00000000080071ac       0xc4 ./Core/Src/mrubyc/c_string.o
                0x00000000080071ac                mrbc_string_new
 .text.mrbc_string_new_alloc
                0x0000000008007270       0x78 ./Core/Src/mrubyc/c_string.o
                0x0000000008007270                mrbc_string_new_alloc
 .text.mrbc_string_delete
                0x00000000080072e8       0x26 ./Core/Src/mrubyc/c_string.o
                0x00000000080072e8                mrbc_string_delete
 .text.mrbc_string_clear
                0x000000000800730e       0x30 ./Core/Src/mrubyc/c_string.o
                0x000000000800730e                mrbc_string_clear
 .text.mrbc_string_dup
                0x000000000800733e       0x62 ./Core/Src/mrubyc/c_string.o
                0x000000000800733e                mrbc_string_dup
 .text.mrbc_string_add
                0x00000000080073a0       0x8a ./Core/Src/mrubyc/c_string.o
                0x00000000080073a0                mrbc_string_add
 .text.mrbc_string_append
                0x000000000800742a       0xb2 ./Core/Src/mrubyc/c_string.o
                0x000000000800742a                mrbc_string_append
 .text.mrbc_string_append_cbuf
                0x00000000080074dc       0x92 ./Core/Src/mrubyc/c_string.o
                0x00000000080074dc                mrbc_string_append_cbuf
 .text.mrbc_string_index
                0x000000000800756e       0x80 ./Core/Src/mrubyc/c_string.o
                0x000000000800756e                mrbc_string_index
 .text.mrbc_string_strip
                0x00000000080075ee       0xec ./Core/Src/mrubyc/c_string.o
                0x00000000080075ee                mrbc_string_strip
 .text.mrbc_string_chomp
                0x00000000080076da       0x7e ./Core/Src/mrubyc/c_string.o
                0x00000000080076da                mrbc_string_chomp
 .text.mrbc_string_upcase
                0x0000000008007758       0x6a ./Core/Src/mrubyc/c_string.o
 .text.mrbc_string_downcase
                0x00000000080077c2       0x6a ./Core/Src/mrubyc/c_string.o
 .text.c_string_new
                0x000000000800782c       0xa8 ./Core/Src/mrubyc/c_string.o
 .text.c_string_add
                0x00000000080078d4       0x60 ./Core/Src/mrubyc/c_string.o
 .text.c_string_mul
                0x0000000008007934       0xe8 ./Core/Src/mrubyc/c_string.o
 .text.c_string_size
                0x0000000008007a1c       0x32 ./Core/Src/mrubyc/c_string.o
 *fill*         0x0000000008007a4e        0x2 
 .text.c_string_to_i
                0x0000000008007a50       0x6c ./Core/Src/mrubyc/c_string.o
 .text.c_string_to_f
                0x0000000008007abc       0x44 ./Core/Src/mrubyc/c_string.o
 .text.c_string_to_s
                0x0000000008007b00       0x42 ./Core/Src/mrubyc/c_string.o
 .text.c_string_append
                0x0000000008007b42       0x20 ./Core/Src/mrubyc/c_string.o
 *fill*         0x0000000008007b62        0x2 
 .text.c_string_slice
                0x0000000008007b64      0x108 ./Core/Src/mrubyc/c_string.o
 .text.c_string_insert
                0x0000000008007c6c      0x1a0 ./Core/Src/mrubyc/c_string.o
 .text.c_string_chomp
                0x0000000008007e0c       0x4e ./Core/Src/mrubyc/c_string.o
 .text.c_string_clear
                0x0000000008007e5a       0x1a ./Core/Src/mrubyc/c_string.o
 .text.c_string_chomp_self
                0x0000000008007e74       0x48 ./Core/Src/mrubyc/c_string.o
 .text.c_string_dup
                0x0000000008007ebc       0x44 ./Core/Src/mrubyc/c_string.o
 .text.c_string_empty
                0x0000000008007f00       0x36 ./Core/Src/mrubyc/c_string.o
 .text.c_string_getbyte
                0x0000000008007f36       0x78 ./Core/Src/mrubyc/c_string.o
 *fill*         0x0000000008007fae        0x2 
 .text.c_string_index
                0x0000000008007fb0       0xa0 ./Core/Src/mrubyc/c_string.o
 .text.c_string_inspect
                0x0000000008008050       0xfc ./Core/Src/mrubyc/c_string.o
 .text.c_string_ord
                0x000000000800814c       0x54 ./Core/Src/mrubyc/c_string.o
 .text.c_string_slice_self
                0x00000000080081a0      0x178 ./Core/Src/mrubyc/c_string.o
 .text.c_string_split
                0x0000000008008318      0x364 ./Core/Src/mrubyc/c_string.o
 .text.c_string_lstrip
                0x000000000800867c       0x50 ./Core/Src/mrubyc/c_string.o
 .text.c_string_lstrip_self
                0x00000000080086cc       0x4a ./Core/Src/mrubyc/c_string.o
 .text.c_string_rstrip
                0x0000000008008716       0x50 ./Core/Src/mrubyc/c_string.o
 .text.c_string_rstrip_self
                0x0000000008008766       0x4a ./Core/Src/mrubyc/c_string.o
 .text.c_string_strip
                0x00000000080087b0       0x50 ./Core/Src/mrubyc/c_string.o
 .text.c_string_strip_self
                0x0000000008008800       0x4a ./Core/Src/mrubyc/c_string.o
 .text.c_string_to_sym
                0x000000000800884a       0x4a ./Core/Src/mrubyc/c_string.o
 .text.tr_free_pattern
                0x0000000008008894       0x2a ./Core/Src/mrubyc/c_string.o
 .text.tr_parse_pattern
                0x00000000080088be      0x18a ./Core/Src/mrubyc/c_string.o
 .text.tr_find_character
                0x0000000008008a48       0xca ./Core/Src/mrubyc/c_string.o
 .text.tr_get_character
                0x0000000008008b12       0x9a ./Core/Src/mrubyc/c_string.o
 .text.tr_main  0x0000000008008bac      0x120 ./Core/Src/mrubyc/c_string.o
 .text.c_string_tr
                0x0000000008008ccc       0x4e ./Core/Src/mrubyc/c_string.o
 .text.c_string_tr_self
                0x0000000008008d1a       0x32 ./Core/Src/mrubyc/c_string.o
 .text.c_string_start_with
                0x0000000008008d4c       0xa8 ./Core/Src/mrubyc/c_string.o
 .text.c_string_end_with
                0x0000000008008df4       0xb0 ./Core/Src/mrubyc/c_string.o
 .text.c_string_include
                0x0000000008008ea4       0x60 ./Core/Src/mrubyc/c_string.o
 .text.c_string_bytes
                0x0000000008008f04       0x92 ./Core/Src/mrubyc/c_string.o
 .text.c_string_upcase
                0x0000000008008f96       0x4e ./Core/Src/mrubyc/c_string.o
 .text.c_string_upcase_self
                0x0000000008008fe4       0x2c ./Core/Src/mrubyc/c_string.o
 .text.c_string_downcase
                0x0000000008009010       0x4e ./Core/Src/mrubyc/c_string.o
 .text.c_string_downcase_self
                0x000000000800905e       0x2c ./Core/Src/mrubyc/c_string.o
 *fill*         0x000000000800908a        0x2 
 .text.mrbc_incref
                0x000000000800908c       0x68 ./Core/Src/mrubyc/class.o
 .text.mrbc_decref
                0x00000000080090f4       0x8c ./Core/Src/mrubyc/class.o
 .text.find_class_by_object
                0x0000000008009180       0xac ./Core/Src/mrubyc/class.o
 .text.mrbc_define_class
                0x000000000800922c       0xd8 ./Core/Src/mrubyc/class.o
                0x000000000800922c                mrbc_define_class
 .text.mrbc_define_class_under
                0x0000000008009304      0x108 ./Core/Src/mrubyc/class.o
                0x0000000008009304                mrbc_define_class_under
 .text.mrbc_define_method
                0x000000000800940c       0x80 ./Core/Src/mrubyc/class.o
                0x000000000800940c                mrbc_define_method
 .text.mrbc_instance_new
                0x000000000800948c       0xa2 ./Core/Src/mrubyc/class.o
                0x000000000800948c                mrbc_instance_new
 .text.mrbc_instance_delete
                0x000000000800952e       0x26 ./Core/Src/mrubyc/class.o
                0x000000000800952e                mrbc_instance_delete
 .text.mrbc_instance_setiv
                0x0000000008009554       0x2e ./Core/Src/mrubyc/class.o
                0x0000000008009554                mrbc_instance_setiv
 .text.mrbc_instance_getiv
                0x0000000008009582       0x58 ./Core/Src/mrubyc/class.o
                0x0000000008009582                mrbc_instance_getiv
 .text.mrbc_proc_new
                0x00000000080095da       0x96 ./Core/Src/mrubyc/class.o
                0x00000000080095da                mrbc_proc_new
 .text.mrbc_proc_delete
                0x0000000008009670       0x1a ./Core/Src/mrubyc/class.o
                0x0000000008009670                mrbc_proc_delete
 .text.mrbc_obj_is_kind_of
                0x000000000800968a       0x36 ./Core/Src/mrubyc/class.o
                0x000000000800968a                mrbc_obj_is_kind_of
 .text.mrbc_find_method
                0x00000000080096c0       0xf6 ./Core/Src/mrubyc/class.o
                0x00000000080096c0                mrbc_find_method
 .text.mrbc_get_class_by_name
                0x00000000080097b6       0x4e ./Core/Src/mrubyc/class.o
                0x00000000080097b6                mrbc_get_class_by_name
 .text.mrbc_send
                0x0000000008009804      0x148 ./Core/Src/mrubyc/class.o
                0x0000000008009804                mrbc_send
 .text.c_ineffect
                0x000000000800994c       0x18 ./Core/Src/mrubyc/class.o
                0x000000000800994c                c_ineffect
 .text.mrbc_run_mrblib
                0x0000000008009964       0x6c ./Core/Src/mrubyc/class.o
                0x0000000008009964                mrbc_run_mrblib
 .text.mrbc_init_class
                0x00000000080099d0      0x1c8 ./Core/Src/mrubyc/class.o
                0x00000000080099d0                mrbc_init_class
 .text.mrbc_symbol_cstr
                0x0000000008009b98       0x1e ./Core/Src/mrubyc/console.o
 .text.mrbc_is_nested_symid
                0x0000000008009bb6       0x34 ./Core/Src/mrubyc/console.o
 *fill*         0x0000000008009bea        0x2 
 .text.find_class_by_object
                0x0000000008009bec       0xac ./Core/Src/mrubyc/console.o
 .text.mrbc_print
                0x0000000008009c98       0x20 ./Core/Src/mrubyc/console.o
 .text.mrbc_printf_init
                0x0000000008009cb8       0x44 ./Core/Src/mrubyc/console.o
 .text.mrbc_printf_clear
                0x0000000008009cfc       0x1c ./Core/Src/mrubyc/console.o
 .text.mrbc_printf_end
                0x0000000008009d18       0x1c ./Core/Src/mrubyc/console.o
 .text.mrbc_printf_len
                0x0000000008009d34       0x1e ./Core/Src/mrubyc/console.o
 .text.mrbc_printf_str
                0x0000000008009d52       0x34 ./Core/Src/mrubyc/console.o
 .text.mrbc_string_size
                0x0000000008009d86       0x1a ./Core/Src/mrubyc/console.o
 .text.mrbc_string_cstr
                0x0000000008009da0       0x1a ./Core/Src/mrubyc/console.o
 .text.mrbc_array_size
                0x0000000008009dba       0x1a ./Core/Src/mrubyc/console.o
 .text.mrbc_hash_iterator_new
                0x0000000008009dd4       0x40 ./Core/Src/mrubyc/console.o
 .text.mrbc_hash_i_has_next
                0x0000000008009e14       0x26 ./Core/Src/mrubyc/console.o
 .text.mrbc_hash_i_next
                0x0000000008009e3a       0x28 ./Core/Src/mrubyc/console.o
 .text.mrbc_range_first
                0x0000000008009e62       0x24 ./Core/Src/mrubyc/console.o
 .text.mrbc_range_last
                0x0000000008009e86       0x24 ./Core/Src/mrubyc/console.o
 .text.mrbc_range_exclude_end
                0x0000000008009eaa       0x1a ./Core/Src/mrubyc/console.o
 .text.mrbc_printf_sub_output_arg
                0x0000000008009ec4      0x1e4 ./Core/Src/mrubyc/console.o
 .text.mrbc_putchar
                0x000000000800a0a8       0x1e ./Core/Src/mrubyc/console.o
                0x000000000800a0a8                mrbc_putchar
 *fill*         0x000000000800a0c6        0x2 
 .text.mrbc_print_symbol
                0x000000000800a0c8       0x64 ./Core/Src/mrubyc/console.o
                0x000000000800a0c8                mrbc_print_symbol
 .text.mrbc_nprint
                0x000000000800a12c       0x1c ./Core/Src/mrubyc/console.o
                0x000000000800a12c                mrbc_nprint
 .text.mrbc_printf
                0x000000000800a148       0x24 ./Core/Src/mrubyc/console.o
                0x000000000800a148                mrbc_printf
 .text.mrbc_snprintf
                0x000000000800a16c       0x66 ./Core/Src/mrubyc/console.o
                0x000000000800a16c                mrbc_snprintf
 .text.mrbc_vprintf
                0x000000000800a1d2       0xaa ./Core/Src/mrubyc/console.o
                0x000000000800a1d2                mrbc_vprintf
 .text.mrbc_vasprintf
                0x000000000800a27c       0xd2 ./Core/Src/mrubyc/console.o
                0x000000000800a27c                mrbc_vasprintf
 .text.mrbc_p   0x000000000800a34e       0x1c ./Core/Src/mrubyc/console.o
                0x000000000800a34e                mrbc_p
 *fill*         0x000000000800a36a        0x2 
 .text.mrbc_p_sub
                0x000000000800a36c      0x174 ./Core/Src/mrubyc/console.o
                0x000000000800a36c                mrbc_p_sub
 .text.mrbc_puts_sub
                0x000000000800a4e0       0x64 ./Core/Src/mrubyc/console.o
                0x000000000800a4e0                mrbc_puts_sub
 .text.mrbc_print_sub
                0x000000000800a544      0x2dc ./Core/Src/mrubyc/console.o
                0x000000000800a544                mrbc_print_sub
 .text.mrbc_printf_replace_buffer
                0x000000000800a820       0x42 ./Core/Src/mrubyc/console.o
                0x000000000800a820                mrbc_printf_replace_buffer
 *fill*         0x000000000800a862        0x2 
 .text.mrbc_printf_main
                0x000000000800a864      0x1f0 ./Core/Src/mrubyc/console.o
                0x000000000800a864                mrbc_printf_main
 .text.mrbc_printf_char
                0x000000000800aa54       0xae ./Core/Src/mrubyc/console.o
                0x000000000800aa54                mrbc_printf_char
 *fill*         0x000000000800ab02        0x2 
 .text.mrbc_printf_bstr
                0x000000000800ab04      0x10c ./Core/Src/mrubyc/console.o
                0x000000000800ab04                mrbc_printf_bstr
 .text.mrbc_printf_int
                0x000000000800ac10      0x25e ./Core/Src/mrubyc/console.o
                0x000000000800ac10                mrbc_printf_int
 *fill*         0x000000000800ae6e        0x2 
 .text.mrbc_printf_bit
                0x000000000800ae70      0x19c ./Core/Src/mrubyc/console.o
                0x000000000800ae70                mrbc_printf_bit
 .text.mrbc_printf_float
                0x000000000800b00c       0x90 ./Core/Src/mrubyc/console.o
                0x000000000800b00c                mrbc_printf_float
 .text.mrbc_printf_pointer
                0x000000000800b09c       0xa6 ./Core/Src/mrubyc/console.o
                0x000000000800b09c                mrbc_printf_pointer
 *fill*         0x000000000800b142        0x2 
 .text.mrbc_decref
                0x000000000800b144       0x8c ./Core/Src/mrubyc/error.o
 .text.mrbc_string_new_cstr
                0x000000000800b1d0       0x30 ./Core/Src/mrubyc/error.o
 .text.mrbc_string_size
                0x000000000800b200       0x1a ./Core/Src/mrubyc/error.o
 .text.mrbc_string_cstr
                0x000000000800b21a       0x1a ./Core/Src/mrubyc/error.o
 .text.sub_exception_new
                0x000000000800b234       0x86 ./Core/Src/mrubyc/error.o
 *fill*         0x000000000800b2ba        0x2 
 .text.mrbc_exception_new
                0x000000000800b2bc       0xd8 ./Core/Src/mrubyc/error.o
                0x000000000800b2bc                mrbc_exception_new
 .text.mrbc_exception_new_alloc
                0x000000000800b394       0x64 ./Core/Src/mrubyc/error.o
                0x000000000800b394                mrbc_exception_new_alloc
 .text.mrbc_exception_delete
                0x000000000800b3f8       0x30 ./Core/Src/mrubyc/error.o
                0x000000000800b3f8                mrbc_exception_delete
 .text.mrbc_raise
                0x000000000800b428       0xa8 ./Core/Src/mrubyc/error.o
                0x000000000800b428                mrbc_raise
 .text.mrbc_raisef
                0x000000000800b4d0       0xd8 ./Core/Src/mrubyc/error.o
                0x000000000800b4d0                mrbc_raisef
 .text.mrbc_print_exception
                0x000000000800b5a8       0x50 ./Core/Src/mrubyc/error.o
                0x000000000800b5a8                mrbc_print_exception
 .text.mrbc_print_vm_exception
                0x000000000800b5f8       0xd0 ./Core/Src/mrubyc/error.o
                0x000000000800b5f8                mrbc_print_vm_exception
 .text.c_exception_new
                0x000000000800b6c8       0xb8 ./Core/Src/mrubyc/error.o
 .text.c_exception_message
                0x000000000800b780       0x72 ./Core/Src/mrubyc/error.o
 *fill*         0x000000000800b7f2        0x2 
 .text.mrbc_init_global
                0x000000000800b7f4       0x24 ./Core/Src/mrubyc/global.o
                0x000000000800b7f4                mrbc_init_global
 .text.mrbc_set_const
                0x000000000800b818       0x44 ./Core/Src/mrubyc/global.o
                0x000000000800b818                mrbc_set_const
 .text.mrbc_set_class_const
                0x000000000800b85c       0x4c ./Core/Src/mrubyc/global.o
                0x000000000800b85c                mrbc_set_class_const
 .text.mrbc_get_const
                0x000000000800b8a8       0x24 ./Core/Src/mrubyc/global.o
                0x000000000800b8a8                mrbc_get_const
 .text.mrbc_get_class_const
                0x000000000800b8cc       0x70 ./Core/Src/mrubyc/global.o
                0x000000000800b8cc                mrbc_get_class_const
 .text.mrbc_set_global
                0x000000000800b93c       0x28 ./Core/Src/mrubyc/global.o
                0x000000000800b93c                mrbc_set_global
 .text.mrbc_get_global
                0x000000000800b964       0x24 ./Core/Src/mrubyc/global.o
                0x000000000800b964                mrbc_get_global
 .text.hal_init
                0x000000000800b988        0xe ./Core/Src/mrubyc/hal.o
                0x000000000800b988                hal_init
 .text.hal_enable_irq
                0x000000000800b996       0x12 ./Core/Src/mrubyc/hal.o
                0x000000000800b996                hal_enable_irq
 .text.hal_disable_irq
                0x000000000800b9a8       0x12 ./Core/Src/mrubyc/hal.o
                0x000000000800b9a8                hal_disable_irq
 .text.hal_idle_cpu
                0x000000000800b9ba       0x10 ./Core/Src/mrubyc/hal.o
                0x000000000800b9ba                hal_idle_cpu
 *fill*         0x000000000800b9ca        0x2 
 .text.hal_write
                0x000000000800b9cc       0x2c ./Core/Src/mrubyc/hal.o
                0x000000000800b9cc                hal_write
 .text.mrbc_incref
                0x000000000800b9f8       0x68 ./Core/Src/mrubyc/keyvalue.o
 .text.mrbc_decref
                0x000000000800ba60       0x8c ./Core/Src/mrubyc/keyvalue.o
 .text.mrbc_kv_iterator_new
                0x000000000800baec       0x2e ./Core/Src/mrubyc/keyvalue.o
 .text.mrbc_kv_i_has_next
                0x000000000800bb1a       0x28 ./Core/Src/mrubyc/keyvalue.o
 .text.mrbc_kv_i_next
                0x000000000800bb42       0x32 ./Core/Src/mrubyc/keyvalue.o
 .text.binary_search
                0x000000000800bb74       0x70 ./Core/Src/mrubyc/keyvalue.o
 .text.mrbc_kv_init_handle
                0x000000000800bbe4       0x68 ./Core/Src/mrubyc/keyvalue.o
                0x000000000800bbe4                mrbc_kv_init_handle
 .text.mrbc_kv_delete_data
                0x000000000800bc4c       0x30 ./Core/Src/mrubyc/keyvalue.o
                0x000000000800bc4c                mrbc_kv_delete_data
 .text.mrbc_kv_resize
                0x000000000800bc7c       0x42 ./Core/Src/mrubyc/keyvalue.o
                0x000000000800bc7c                mrbc_kv_resize
 *fill*         0x000000000800bcbe        0x2 
 .text.mrbc_kv_set
                0x000000000800bcc0      0x198 ./Core/Src/mrubyc/keyvalue.o
                0x000000000800bcc0                mrbc_kv_set
 .text.mrbc_kv_get
                0x000000000800be58       0x5e ./Core/Src/mrubyc/keyvalue.o
                0x000000000800be58                mrbc_kv_get
 .text.mrbc_kv_clear
                0x000000000800beb6       0x4c ./Core/Src/mrubyc/keyvalue.o
                0x000000000800beb6                mrbc_kv_clear
 .text.mrbc_kv_dup
                0x000000000800bf02       0x5a ./Core/Src/mrubyc/keyvalue.o
                0x000000000800bf02                mrbc_kv_dup
 .text.bin_to_uint16
                0x000000000800bf5c       0x30 ./Core/Src/mrubyc/load.o
 .text.bin_to_uint32
                0x000000000800bf8c       0x3c ./Core/Src/mrubyc/load.o
 .text.bin_to_double64
                0x000000000800bfc8       0x46 ./Core/Src/mrubyc/load.o
 *fill*         0x000000000800c00e        0x2 
 .text.load_header
                0x000000000800c010       0x70 ./Core/Src/mrubyc/load.o
 .text.load_irep_1
                0x000000000800c080      0x308 ./Core/Src/mrubyc/load.o
 .text.load_irep
                0x000000000800c388       0xa8 ./Core/Src/mrubyc/load.o
 .text.mrbc_load_mrb
                0x000000000800c430       0xa8 ./Core/Src/mrubyc/load.o
                0x000000000800c430                mrbc_load_mrb
 .text.mrbc_load_irep
                0x000000000800c4d8       0x4c ./Core/Src/mrubyc/load.o
                0x000000000800c4d8                mrbc_load_irep
 .text.mrbc_irep_free
                0x000000000800c524       0x4a ./Core/Src/mrubyc/load.o
                0x000000000800c524                mrbc_irep_free
 *fill*         0x000000000800c56e        0x2 
 .text.mrbc_irep_pool_value
                0x000000000800c570      0x108 ./Core/Src/mrubyc/load.o
                0x000000000800c570                mrbc_irep_pool_value
 .text.mrbc_decref
                0x000000000800c678       0x8c ./Core/Src/mrubyc/rrt0.o
 .text.mrbc_string_new_cstr
                0x000000000800c704       0x30 ./Core/Src/mrubyc/rrt0.o
 .text.mrbc_string_cstr
                0x000000000800c734       0x1a ./Core/Src/mrubyc/rrt0.o
 .text.mrbc_string_append_cstr
                0x000000000800c74e       0x26 ./Core/Src/mrubyc/rrt0.o
 .text.q_insert_task
                0x000000000800c774       0x8c ./Core/Src/mrubyc/rrt0.o
 .text.q_delete_task
                0x000000000800c800       0x8c ./Core/Src/mrubyc/rrt0.o
 .text.preempt_running_task
                0x000000000800c88c       0x3c ./Core/Src/mrubyc/rrt0.o
 .text.mrbc_tick
                0x000000000800c8c8       0xe8 ./Core/Src/mrubyc/rrt0.o
                0x000000000800c8c8                mrbc_tick
 .text.mrbc_tcb_new
                0x000000000800c9b0       0x60 ./Core/Src/mrubyc/rrt0.o
                0x000000000800c9b0                mrbc_tcb_new
 .text.mrbc_create_task
                0x000000000800ca10       0xac ./Core/Src/mrubyc/rrt0.o
                0x000000000800ca10                mrbc_create_task
 .text.mrbc_set_task_name
                0x000000000800cabc       0x4e ./Core/Src/mrubyc/rrt0.o
                0x000000000800cabc                mrbc_set_task_name
 *fill*         0x000000000800cb0a        0x2 
 .text.mrbc_find_task
                0x000000000800cb0c       0x64 ./Core/Src/mrubyc/rrt0.o
                0x000000000800cb0c                mrbc_find_task
 .text.mrbc_run
                0x000000000800cb70       0xf4 ./Core/Src/mrubyc/rrt0.o
                0x000000000800cb70                mrbc_run
 .text.mrbc_sleep_ms
                0x000000000800cc64       0x90 ./Core/Src/mrubyc/rrt0.o
                0x000000000800cc64                mrbc_sleep_ms
 .text.mrbc_relinquish
                0x000000000800ccf4       0x22 ./Core/Src/mrubyc/rrt0.o
                0x000000000800ccf4                mrbc_relinquish
 .text.mrbc_change_priority
                0x000000000800cd16       0x46 ./Core/Src/mrubyc/rrt0.o
                0x000000000800cd16                mrbc_change_priority
 .text.mrbc_suspend_task
                0x000000000800cd5c       0x3c ./Core/Src/mrubyc/rrt0.o
                0x000000000800cd5c                mrbc_suspend_task
 .text.mrbc_resume_task
                0x000000000800cd98       0x58 ./Core/Src/mrubyc/rrt0.o
                0x000000000800cd98                mrbc_resume_task
 .text.mrbc_terminate_task
                0x000000000800cdf0       0x3c ./Core/Src/mrubyc/rrt0.o
                0x000000000800cdf0                mrbc_terminate_task
 .text.mrbc_join_task
                0x000000000800ce2c       0x56 ./Core/Src/mrubyc/rrt0.o
                0x000000000800ce2c                mrbc_join_task
 .text.mrbc_mutex_init
                0x000000000800ce82       0x34 ./Core/Src/mrubyc/rrt0.o
                0x000000000800ce82                mrbc_mutex_init
 .text.mrbc_mutex_lock
                0x000000000800ceb6       0x6c ./Core/Src/mrubyc/rrt0.o
                0x000000000800ceb6                mrbc_mutex_lock
 *fill*         0x000000000800cf22        0x2 
 .text.mrbc_mutex_unlock
                0x000000000800cf24       0xd8 ./Core/Src/mrubyc/rrt0.o
                0x000000000800cf24                mrbc_mutex_unlock
 .text.mrbc_mutex_trylock
                0x000000000800cffc       0x3a ./Core/Src/mrubyc/rrt0.o
                0x000000000800cffc                mrbc_mutex_trylock
 *fill*         0x000000000800d036        0x2 
 .text.c_sleep  0x000000000800d038       0xc0 ./Core/Src/mrubyc/rrt0.o
 .text.c_sleep_ms
                0x000000000800d0f8       0x42 ./Core/Src/mrubyc/rrt0.o
 .text.c_task_get
                0x000000000800d13a       0xa2 ./Core/Src/mrubyc/rrt0.o
 .text.c_task_list
                0x000000000800d1dc       0xa4 ./Core/Src/mrubyc/rrt0.o
 .text.c_task_name_list
                0x000000000800d280       0x9c ./Core/Src/mrubyc/rrt0.o
 .text.c_task_set_name
                0x000000000800d31c       0x60 ./Core/Src/mrubyc/rrt0.o
 .text.c_task_name
                0x000000000800d37c       0x7c ./Core/Src/mrubyc/rrt0.o
 .text.c_task_suspend
                0x000000000800d3f8       0x36 ./Core/Src/mrubyc/rrt0.o
 .text.c_task_resume
                0x000000000800d42e       0x30 ./Core/Src/mrubyc/rrt0.o
 .text.c_task_terminate
                0x000000000800d45e       0x36 ./Core/Src/mrubyc/rrt0.o
 .text.c_task_join
                0x000000000800d494       0x38 ./Core/Src/mrubyc/rrt0.o
 .text.c_task_pass
                0x000000000800d4cc       0x2c ./Core/Src/mrubyc/rrt0.o
 .text.c_task_set_priority
                0x000000000800d4f8       0x74 ./Core/Src/mrubyc/rrt0.o
 .text.c_task_priority
                0x000000000800d56c       0x48 ./Core/Src/mrubyc/rrt0.o
 .text.c_task_status
                0x000000000800d5b4       0x90 ./Core/Src/mrubyc/rrt0.o
 .text.c_mutex_new
                0x000000000800d644       0x42 ./Core/Src/mrubyc/rrt0.o
 *fill*         0x000000000800d686        0x2 
 .text.c_mutex_lock
                0x000000000800d688       0x4c ./Core/Src/mrubyc/rrt0.o
 .text.c_mutex_unlock
                0x000000000800d6d4       0x4c ./Core/Src/mrubyc/rrt0.o
 .text.c_mutex_trylock
                0x000000000800d720       0x46 ./Core/Src/mrubyc/rrt0.o
 .text.c_mutex_locked
                0x000000000800d766       0x3a ./Core/Src/mrubyc/rrt0.o
 .text.c_mutex_owned
                0x000000000800d7a0       0x46 ./Core/Src/mrubyc/rrt0.o
 *fill*         0x000000000800d7e6        0x2 
 .text.c_vm_tick
                0x000000000800d7e8       0x30 ./Core/Src/mrubyc/rrt0.o
 .text.mrbc_init
                0x000000000800d818       0xa0 ./Core/Src/mrubyc/rrt0.o
                0x000000000800d818                mrbc_init
 .text.mrbc_decref
                0x000000000800d8b8       0x8c ./Core/Src/mrubyc/symbol.o
 .text.mrbc_is_nested_symid
                0x000000000800d944       0x34 ./Core/Src/mrubyc/symbol.o
 .text.mrbc_string_new_cstr
                0x000000000800d978       0x30 ./Core/Src/mrubyc/symbol.o
 .text.mrbc_string_append_cstr
                0x000000000800d9a8       0x26 ./Core/Src/mrubyc/symbol.o
 .text.calc_hash
                0x000000000800d9ce       0x3c ./Core/Src/mrubyc/symbol.o
 *fill*         0x000000000800da0a        0x2 
 .text.search_builtin_symbol
                0x000000000800da0c       0x8c ./Core/Src/mrubyc/symbol.o
 .text.search_index
                0x000000000800da98       0x78 ./Core/Src/mrubyc/symbol.o
 .text.add_index
                0x000000000800db10       0xc0 ./Core/Src/mrubyc/symbol.o
 .text.mrbc_str_to_symid
                0x000000000800dbd0       0x6e ./Core/Src/mrubyc/symbol.o
                0x000000000800dbd0                mrbc_str_to_symid
 *fill*         0x000000000800dc3e        0x2 
 .text.mrbc_symid_to_str
                0x000000000800dc40       0x68 ./Core/Src/mrubyc/symbol.o
                0x000000000800dc40                mrbc_symid_to_str
 .text.mrbc_search_symid
                0x000000000800dca8       0x58 ./Core/Src/mrubyc/symbol.o
                0x000000000800dca8                mrbc_search_symid
 .text.make_nested_symbol_s
                0x000000000800dd00       0xa0 ./Core/Src/mrubyc/symbol.o
                0x000000000800dd00                make_nested_symbol_s
 .text.mrbc_separate_nested_symid
                0x000000000800dda0       0xfc ./Core/Src/mrubyc/symbol.o
                0x000000000800dda0                mrbc_separate_nested_symid
 .text.mrbc_symbol_new
                0x000000000800de9c       0xdc ./Core/Src/mrubyc/symbol.o
                0x000000000800de9c                mrbc_symbol_new
 .text.c_symbol_all_symbols
                0x000000000800df78       0xc8 ./Core/Src/mrubyc/symbol.o
 .text.c_symbol_inspect
                0x000000000800e040       0x44 ./Core/Src/mrubyc/symbol.o
 .text.c_symbol_to_s
                0x000000000800e084       0x64 ./Core/Src/mrubyc/symbol.o
 .text.mrbc_string_compare
                0x000000000800e0e8       0x58 ./Core/Src/mrubyc/value.o
 .text.mrbc_compare
                0x000000000800e140      0x228 ./Core/Src/mrubyc/value.o
                0x000000000800e140                mrbc_compare
 .text.mrbc_atoi
                0x000000000800e368       0xb0 ./Core/Src/mrubyc/value.o
                0x000000000800e368                mrbc_atoi
 .text.mrbc_strcpy
                0x000000000800e418       0x5a ./Core/Src/mrubyc/value.o
                0x000000000800e418                mrbc_strcpy
 *fill*         0x000000000800e472        0x2 
 .text.mrbc_incref
                0x000000000800e474       0x68 ./Core/Src/mrubyc/vm.o
 .text.mrbc_decref
                0x000000000800e4dc       0x8c ./Core/Src/mrubyc/vm.o
 .text.mrbc_decref_empty
                0x000000000800e568       0x1c ./Core/Src/mrubyc/vm.o
 .text.mrbc_is_nested_symid
                0x000000000800e584       0x34 ./Core/Src/mrubyc/vm.o
 .text.find_class_by_object
                0x000000000800e5b8       0xac ./Core/Src/mrubyc/vm.o
 .text.mrbc_array_size
                0x000000000800e664       0x1a ./Core/Src/mrubyc/vm.o
 .text.mrbc_array_delete_handle
                0x000000000800e67e       0x26 ./Core/Src/mrubyc/vm.o
 .text.mrbc_hash_size
                0x000000000800e6a4       0x1e ./Core/Src/mrubyc/vm.o
 .text.mrbc_hash_iterator_new
                0x000000000800e6c2       0x40 ./Core/Src/mrubyc/vm.o
 .text.mrbc_hash_i_has_next
                0x000000000800e702       0x26 ./Core/Src/mrubyc/vm.o
 .text.mrbc_hash_i_next
                0x000000000800e728       0x28 ./Core/Src/mrubyc/vm.o
 .text.bin_to_uint32
                0x000000000800e750       0x3c ./Core/Src/mrubyc/vm.o
 .text.send_by_name
                0x000000000800e78c      0x280 ./Core/Src/mrubyc/vm.o
 .text.find_catch_handler_ensure
                0x000000000800ea0c       0x96 ./Core/Src/mrubyc/vm.o
 *fill*         0x000000000800eaa2        0x2 
 .text.mrbc_get_self
                0x000000000800eaa4       0x68 ./Core/Src/mrubyc/vm.o
 .text.mrbc_get_callee_symid
                0x000000000800eb0c       0x30 ./Core/Src/mrubyc/vm.o
                0x000000000800eb0c                mrbc_get_callee_symid
 .text.mrbc_get_callee_name
                0x000000000800eb3c       0x34 ./Core/Src/mrubyc/vm.o
                0x000000000800eb3c                mrbc_get_callee_name
 .text.mrbc_push_callinfo
                0x000000000800eb70       0x84 ./Core/Src/mrubyc/vm.o
                0x000000000800eb70                mrbc_push_callinfo
 .text.mrbc_pop_callinfo
                0x000000000800ebf4       0xd0 ./Core/Src/mrubyc/vm.o
                0x000000000800ebf4                mrbc_pop_callinfo
 .text.mrbc_vm_new
                0x000000000800ecc4       0x58 ./Core/Src/mrubyc/vm.o
                0x000000000800ecc4                mrbc_vm_new
 .text.mrbc_vm_open
                0x000000000800ed1c       0xb0 ./Core/Src/mrubyc/vm.o
                0x000000000800ed1c                mrbc_vm_open
 .text.mrbc_vm_close
                0x000000000800edcc       0x78 ./Core/Src/mrubyc/vm.o
                0x000000000800edcc                mrbc_vm_close
 .text.mrbc_vm_begin
                0x000000000800ee44       0xc8 ./Core/Src/mrubyc/vm.o
                0x000000000800ee44                mrbc_vm_begin
 .text.mrbc_vm_end
                0x000000000800ef0c       0x90 ./Core/Src/mrubyc/vm.o
                0x000000000800ef0c                mrbc_vm_end
 .text.op_nop   0x000000000800ef9c       0x16 ./Core/Src/mrubyc/vm.o
 .text.op_move  0x000000000800efb2       0x64 ./Core/Src/mrubyc/vm.o
 .text.op_loadl
                0x000000000800f016       0x5a ./Core/Src/mrubyc/vm.o
 .text.op_loadi
                0x000000000800f070       0x54 ./Core/Src/mrubyc/vm.o
 .text.op_loadineg
                0x000000000800f0c4       0x56 ./Core/Src/mrubyc/vm.o
 .text.op_loadi_n
                0x000000000800f11a       0x56 ./Core/Src/mrubyc/vm.o
 .text.op_loadi16
                0x000000000800f170       0x6e ./Core/Src/mrubyc/vm.o
 .text.op_loadi32
                0x000000000800f1de       0x90 ./Core/Src/mrubyc/vm.o
 .text.op_loadsym
                0x000000000800f26e       0x66 ./Core/Src/mrubyc/vm.o
 .text.op_loadnil
                0x000000000800f2d4       0x3a ./Core/Src/mrubyc/vm.o
 .text.op_loadself
                0x000000000800f30e       0x58 ./Core/Src/mrubyc/vm.o
 .text.op_loadt
                0x000000000800f366       0x3a ./Core/Src/mrubyc/vm.o
 .text.op_loadf
                0x000000000800f3a0       0x3a ./Core/Src/mrubyc/vm.o
 .text.op_getgv
                0x000000000800f3da       0x82 ./Core/Src/mrubyc/vm.o
 .text.op_setgv
                0x000000000800f45c       0x5c ./Core/Src/mrubyc/vm.o
 .text.op_getiv
                0x000000000800f4b8       0xa8 ./Core/Src/mrubyc/vm.o
 .text.op_setiv
                0x000000000800f560       0x90 ./Core/Src/mrubyc/vm.o
 .text.op_getconst
                0x000000000800f5f0      0x148 ./Core/Src/mrubyc/vm.o
 .text.op_setconst
                0x000000000800f738       0x84 ./Core/Src/mrubyc/vm.o
 .text.op_getmcnst
                0x000000000800f7bc       0xd0 ./Core/Src/mrubyc/vm.o
 .text.op_getupvar
                0x000000000800f88c      0x108 ./Core/Src/mrubyc/vm.o
 .text.op_setupvar
                0x000000000800f994      0x118 ./Core/Src/mrubyc/vm.o
 .text.op_getidx
                0x000000000800faac       0x2c ./Core/Src/mrubyc/vm.o
 .text.op_setidx
                0x000000000800fad8       0x2c ./Core/Src/mrubyc/vm.o
 .text.op_jmp   0x000000000800fb04       0x46 ./Core/Src/mrubyc/vm.o
 .text.op_jmpif
                0x000000000800fb4a       0x64 ./Core/Src/mrubyc/vm.o
 .text.op_jmpnot
                0x000000000800fbae       0x64 ./Core/Src/mrubyc/vm.o
 .text.op_jmpnil
                0x000000000800fc12       0x64 ./Core/Src/mrubyc/vm.o
 *fill*         0x000000000800fc76        0x2 
 .text.op_jmpuw
                0x000000000800fc78       0xd8 ./Core/Src/mrubyc/vm.o
 .text.op_except
                0x000000000800fd50       0x4a ./Core/Src/mrubyc/vm.o
 *fill*         0x000000000800fd9a        0x2 
 .text.op_rescue
                0x000000000800fd9c       0xac ./Core/Src/mrubyc/vm.o
 .text.op_raiseif
                0x000000000800fe48      0x3d0 ./Core/Src/mrubyc/vm.o
 .text.op_ssend
                0x0000000008010218       0x90 ./Core/Src/mrubyc/vm.o
 .text.op_ssendb
                0x00000000080102a8       0x94 ./Core/Src/mrubyc/vm.o
 .text.op_send  0x000000000801033c       0x58 ./Core/Src/mrubyc/vm.o
 .text.op_sendb
                0x0000000008010394       0x5c ./Core/Src/mrubyc/vm.o
 .text.op_super
                0x00000000080103f0      0x318 ./Core/Src/mrubyc/vm.o
 .text.op_argary
                0x0000000008010708      0x250 ./Core/Src/mrubyc/vm.o
 .text.op_enter
                0x0000000008010958      0x4d0 ./Core/Src/mrubyc/vm.o
 .text.op_key_p
                0x0000000008010e28       0x82 ./Core/Src/mrubyc/vm.o
 *fill*         0x0000000008010eaa        0x2 
 .text.op_keyend
                0x0000000008010eac       0x64 ./Core/Src/mrubyc/vm.o
 .text.op_karg  0x0000000008010f10       0xa8 ./Core/Src/mrubyc/vm.o
 .text.op_return__sub
                0x0000000008010fb8      0x11c ./Core/Src/mrubyc/vm.o
 .text.op_return
                0x00000000080110d4       0x2c ./Core/Src/mrubyc/vm.o
 .text.op_return_blk
                0x0000000008011100      0x138 ./Core/Src/mrubyc/vm.o
 .text.op_break
                0x0000000008011238      0x130 ./Core/Src/mrubyc/vm.o
 .text.op_blkpush
                0x0000000008011368      0x130 ./Core/Src/mrubyc/vm.o
 .text.op_add   0x0000000008011498      0x162 ./Core/Src/mrubyc/vm.o
 *fill*         0x00000000080115fa        0x2 
 .text.op_addi  0x00000000080115fc       0xac ./Core/Src/mrubyc/vm.o
 .text.op_sub   0x00000000080116a8      0x162 ./Core/Src/mrubyc/vm.o
 *fill*         0x000000000801180a        0x2 
 .text.op_subi  0x000000000801180c       0xac ./Core/Src/mrubyc/vm.o
 .text.op_mul   0x00000000080118b8      0x164 ./Core/Src/mrubyc/vm.o
 .text.op_div   0x0000000008011a1c      0x184 ./Core/Src/mrubyc/vm.o
 .text.op_eq    0x0000000008011ba0       0x7c ./Core/Src/mrubyc/vm.o
 .text.op_lt    0x0000000008011c1c       0x7c ./Core/Src/mrubyc/vm.o
 .text.op_le    0x0000000008011c98       0x7c ./Core/Src/mrubyc/vm.o
 .text.op_gt    0x0000000008011d14       0x7c ./Core/Src/mrubyc/vm.o
 .text.op_ge    0x0000000008011d90       0x7c ./Core/Src/mrubyc/vm.o
 .text.op_array
                0x0000000008011e0c       0x98 ./Core/Src/mrubyc/vm.o
 .text.op_array2
                0x0000000008011ea4       0xc2 ./Core/Src/mrubyc/vm.o
 *fill*         0x0000000008011f66        0x2 
 .text.op_arycat
                0x0000000008011f68      0x194 ./Core/Src/mrubyc/vm.o
 .text.op_arypush
                0x00000000080120fc       0xb0 ./Core/Src/mrubyc/vm.o
 .text.op_arydup
                0x00000000080121ac       0x56 ./Core/Src/mrubyc/vm.o
 .text.op_aref  0x0000000008012202       0x9e ./Core/Src/mrubyc/vm.o
 .text.op_aset  0x00000000080122a0       0x8c ./Core/Src/mrubyc/vm.o
 .text.op_apost
                0x000000000801232c      0x160 ./Core/Src/mrubyc/vm.o
 .text.op_intern
                0x000000000801248c       0x84 ./Core/Src/mrubyc/vm.o
 .text.op_symbol
                0x0000000008012510       0xa8 ./Core/Src/mrubyc/vm.o
 .text.op_string
                0x00000000080125b8       0x5a ./Core/Src/mrubyc/vm.o
 .text.op_strcat
                0x0000000008012612       0x8a ./Core/Src/mrubyc/vm.o
 .text.op_hash  0x000000000801269c       0x9e ./Core/Src/mrubyc/vm.o
 .text.op_hashadd
                0x000000000801273a       0xb6 ./Core/Src/mrubyc/vm.o
 .text.op_hashcat
                0x00000000080127f0       0x7a ./Core/Src/mrubyc/vm.o
 .text.op_method
                0x000000000801286a       0x80 ./Core/Src/mrubyc/vm.o
 .text.op_range_inc
                0x00000000080128ea       0x64 ./Core/Src/mrubyc/vm.o
 .text.op_range_exc
                0x000000000801294e       0x64 ./Core/Src/mrubyc/vm.o
 *fill*         0x00000000080129b2        0x2 
 .text.op_oclass
                0x00000000080129b4       0x4c ./Core/Src/mrubyc/vm.o
 .text.op_class
                0x0000000008012a00      0x118 ./Core/Src/mrubyc/vm.o
 .text.op_exec  0x0000000008012b18       0xac ./Core/Src/mrubyc/vm.o
 .text.op_def   0x0000000008012bc4      0x15c ./Core/Src/mrubyc/vm.o
 .text.op_alias
                0x0000000008012d20      0x100 ./Core/Src/mrubyc/vm.o
 .text.op_sclass
                0x0000000008012e20       0x24 ./Core/Src/mrubyc/vm.o
 .text.op_tclass
                0x0000000008012e44       0x48 ./Core/Src/mrubyc/vm.o
 .text.op_ext   0x0000000008012e8c       0x24 ./Core/Src/mrubyc/vm.o
 .text.op_stop  0x0000000008012eb0       0x26 ./Core/Src/mrubyc/vm.o
 *fill*         0x0000000008012ed6        0x2 
 .text.op_unsupported
                0x0000000008012ed8       0x2c ./Core/Src/mrubyc/vm.o
 .text.mrbc_vm_run
                0x0000000008012f04      0x664 ./Core/Src/mrubyc/vm.o
                0x0000000008012f04                mrbc_vm_run
 .text.Reset_Handler
                0x0000000008013568       0x50 ./Core/Startup/startup_stm32f401retx.o
                0x0000000008013568                Reset_Handler
 .text.Default_Handler
                0x00000000080135b8        0x2 ./Core/Startup/startup_stm32f401retx.o
                0x00000000080135b8                RTC_Alarm_IRQHandler
                0x00000000080135b8                EXTI2_IRQHandler
                0x00000000080135b8                SPI4_IRQHandler
                0x00000000080135b8                TIM1_CC_IRQHandler
                0x00000000080135b8                DMA2_Stream5_IRQHandler
                0x00000000080135b8                DMA1_Stream5_IRQHandler
                0x00000000080135b8                PVD_IRQHandler
                0x00000000080135b8                SDIO_IRQHandler
                0x00000000080135b8                TAMP_STAMP_IRQHandler
                0x00000000080135b8                EXTI3_IRQHandler
                0x00000000080135b8                TIM1_UP_TIM10_IRQHandler
                0x00000000080135b8                I2C3_ER_IRQHandler
                0x00000000080135b8                EXTI0_IRQHandler
                0x00000000080135b8                I2C2_EV_IRQHandler
                0x00000000080135b8                DMA1_Stream2_IRQHandler
                0x00000000080135b8                FPU_IRQHandler
                0x00000000080135b8                DMA2_Stream2_IRQHandler
                0x00000000080135b8                SPI1_IRQHandler
                0x00000000080135b8                TIM1_BRK_TIM9_IRQHandler
                0x00000000080135b8                DMA2_Stream3_IRQHandler
                0x00000000080135b8                USART6_IRQHandler
                0x00000000080135b8                DMA2_Stream0_IRQHandler
                0x00000000080135b8                TIM4_IRQHandler
                0x00000000080135b8                I2C1_EV_IRQHandler
                0x00000000080135b8                DMA1_Stream6_IRQHandler
                0x00000000080135b8                DMA1_Stream1_IRQHandler
                0x00000000080135b8                TIM3_IRQHandler
                0x00000000080135b8                RCC_IRQHandler
                0x00000000080135b8                Default_Handler
                0x00000000080135b8                EXTI15_10_IRQHandler
                0x00000000080135b8                ADC_IRQHandler
                0x00000000080135b8                DMA1_Stream7_IRQHandler
                0x00000000080135b8                TIM5_IRQHandler
                0x00000000080135b8                DMA2_Stream7_IRQHandler
                0x00000000080135b8                I2C3_EV_IRQHandler
                0x00000000080135b8                EXTI9_5_IRQHandler
                0x00000000080135b8                RTC_WKUP_IRQHandler
                0x00000000080135b8                SPI2_IRQHandler
                0x00000000080135b8                DMA1_Stream0_IRQHandler
                0x00000000080135b8                EXTI4_IRQHandler
                0x00000000080135b8                WWDG_IRQHandler
                0x00000000080135b8                OTG_FS_WKUP_IRQHandler
                0x00000000080135b8                TIM1_TRG_COM_TIM11_IRQHandler
                0x00000000080135b8                EXTI1_IRQHandler
                0x00000000080135b8                USART2_IRQHandler
                0x00000000080135b8                I2C2_ER_IRQHandler
                0x00000000080135b8                DMA2_Stream1_IRQHandler
                0x00000000080135b8                FLASH_IRQHandler
                0x00000000080135b8                DMA2_Stream4_IRQHandler
                0x00000000080135b8                USART1_IRQHandler
                0x00000000080135b8                OTG_FS_IRQHandler
                0x00000000080135b8                SPI3_IRQHandler
                0x00000000080135b8                DMA1_Stream4_IRQHandler
                0x00000000080135b8                I2C1_ER_IRQHandler
                0x00000000080135b8                DMA2_Stream6_IRQHandler
                0x00000000080135b8                DMA1_Stream3_IRQHandler
 *fill*         0x00000000080135ba        0x2 
 .text.HAL_Init
                0x00000000080135bc       0x44 ./Drivers/STM32F4xx_HAL_Driver/Src/stm32f4xx_hal.o
                0x00000000080135bc                HAL_Init
 .text.HAL_InitTick
                0x0000000008013600       0x60 ./Drivers/STM32F4xx_HAL_Driver/Src/stm32f4xx_hal.o
                0x0000000008013600                HAL_InitTick
 .text.HAL_IncTick
                0x0000000008013660       0x28 ./Drivers/STM32F4xx_HAL_Driver/Src/stm32f4xx_hal.o
                0x0000000008013660                HAL_IncTick
 .text.HAL_GetTick
                0x0000000008013688       0x18 ./Drivers/STM32F4xx_HAL_Driver/Src/stm32f4xx_hal.o
                0x0000000008013688                HAL_GetTick
 .text.HAL_Delay
                0x00000000080136a0       0x48 ./Drivers/STM32F4xx_HAL_Driver/Src/stm32f4xx_hal.o
                0x00000000080136a0                HAL_Delay
 .text.__NVIC_SetPriorityGrouping
                0x00000000080136e8       0x48 ./Drivers/STM32F4xx_HAL_Driver/Src/stm32f4xx_hal_cortex.o
 .text.__NVIC_GetPriorityGrouping
                0x0000000008013730       0x1c ./Drivers/STM32F4xx_HAL_Driver/Src/stm32f4xx_hal_cortex.o
 .text.__NVIC_EnableIRQ
                0x000000000801374c       0x3c ./Drivers/STM32F4xx_HAL_Driver/Src/stm32f4xx_hal_cortex.o
 .text.__NVIC_SetPriority
                0x0000000008013788       0x54 ./Drivers/STM32F4xx_HAL_Driver/Src/stm32f4xx_hal_cortex.o
 .text.NVIC_EncodePriority
                0x00000000080137dc       0x66 ./Drivers/STM32F4xx_HAL_Driver/Src/stm32f4xx_hal_cortex.o
 *fill*         0x0000000008013842        0x2 
 .text.SysTick_Config
                0x0000000008013844       0x44 ./Drivers/STM32F4xx_HAL_Driver/Src/stm32f4xx_hal_cortex.o
 .text.HAL_NVIC_SetPriorityGrouping
                0x0000000008013888       0x16 ./Drivers/STM32F4xx_HAL_Driver/Src/stm32f4xx_hal_cortex.o
                0x0000000008013888                HAL_NVIC_SetPriorityGrouping
 .text.HAL_NVIC_SetPriority
                0x000000000801389e       0x38 ./Drivers/STM32F4xx_HAL_Driver/Src/stm32f4xx_hal_cortex.o
                0x000000000801389e                HAL_NVIC_SetPriority
 .text.HAL_NVIC_EnableIRQ
                0x00000000080138d6       0x1c ./Drivers/STM32F4xx_HAL_Driver/Src/stm32f4xx_hal_cortex.o
                0x00000000080138d6                HAL_NVIC_EnableIRQ
 .text.HAL_SYSTICK_Config
                0x00000000080138f2       0x18 ./Drivers/STM32F4xx_HAL_Driver/Src/stm32f4xx_hal_cortex.o
                0x00000000080138f2                HAL_SYSTICK_Config
 *fill*         0x000000000801390a        0x2 
 .text.HAL_GPIO_Init
                0x000000000801390c      0x308 ./Drivers/STM32F4xx_HAL_Driver/Src/stm32f4xx_hal_gpio.o
                0x000000000801390c                HAL_GPIO_Init
 .text.HAL_GPIO_WritePin
                0x0000000008013c14       0x32 ./Drivers/STM32F4xx_HAL_Driver/Src/stm32f4xx_hal_gpio.o
                0x0000000008013c14                HAL_GPIO_WritePin
 *fill*         0x0000000008013c46        0x2 
 .text.HAL_PWR_EnterSLEEPMode
                0x0000000008013c48       0x40 ./Drivers/STM32F4xx_HAL_Driver/Src/stm32f4xx_hal_pwr.o
                0x0000000008013c48                HAL_PWR_EnterSLEEPMode
 .text.HAL_RCC_OscConfig
                0x0000000008013c88      0x4f0 ./Drivers/STM32F4xx_HAL_Driver/Src/stm32f4xx_hal_rcc.o
                0x0000000008013c88                HAL_RCC_OscConfig
 .text.HAL_RCC_ClockConfig
                0x0000000008014178      0x1cc ./Drivers/STM32F4xx_HAL_Driver/Src/stm32f4xx_hal_rcc.o
                0x0000000008014178                HAL_RCC_ClockConfig
 .text.HAL_RCC_GetSysClockFreq
                0x0000000008014344      0x20c ./Drivers/STM32F4xx_HAL_Driver/Src/stm32f4xx_hal_rcc.o
                0x0000000008014344                HAL_RCC_GetSysClockFreq
 .text.HAL_RCC_GetHCLKFreq
                0x0000000008014550       0x18 ./Drivers/STM32F4xx_HAL_Driver/Src/stm32f4xx_hal_rcc.o
                0x0000000008014550                HAL_RCC_GetHCLKFreq
 .text.HAL_RCC_GetPCLK1Freq
                0x0000000008014568       0x28 ./Drivers/STM32F4xx_HAL_Driver/Src/stm32f4xx_hal_rcc.o
                0x0000000008014568                HAL_RCC_GetPCLK1Freq
 .text.HAL_RCC_GetPCLK2Freq
                0x0000000008014590       0x28 ./Drivers/STM32F4xx_HAL_Driver/Src/stm32f4xx_hal_rcc.o
                0x0000000008014590                HAL_RCC_GetPCLK2Freq
 .text.HAL_TIM_Base_Init
                0x00000000080145b8       0x9e ./Drivers/STM32F4xx_HAL_Driver/Src/stm32f4xx_hal_tim.o
                0x00000000080145b8                HAL_TIM_Base_Init
 *fill*         0x0000000008014656        0x2 
 .text.HAL_TIM_Base_Start_IT
                0x0000000008014658       0xc4 ./Drivers/STM32F4xx_HAL_Driver/Src/stm32f4xx_hal_tim.o
                0x0000000008014658                HAL_TIM_Base_Start_IT
 .text.HAL_TIM_IRQHandler
                0x000000000801471c      0x1e0 ./Drivers/STM32F4xx_HAL_Driver/Src/stm32f4xx_hal_tim.o
                0x000000000801471c                HAL_TIM_IRQHandler
 .text.HAL_TIM_ConfigClockSource
                0x00000000080148fc      0x18e ./Drivers/STM32F4xx_HAL_Driver/Src/stm32f4xx_hal_tim.o
                0x00000000080148fc                HAL_TIM_ConfigClockSource
 .text.HAL_TIM_OC_DelayElapsedCallback
                0x0000000008014a8a       0x14 ./Drivers/STM32F4xx_HAL_Driver/Src/stm32f4xx_hal_tim.o
                0x0000000008014a8a                HAL_TIM_OC_DelayElapsedCallback
 .text.HAL_TIM_IC_CaptureCallback
                0x0000000008014a9e       0x14 ./Drivers/STM32F4xx_HAL_Driver/Src/stm32f4xx_hal_tim.o
                0x0000000008014a9e                HAL_TIM_IC_CaptureCallback
 .text.HAL_TIM_PWM_PulseFinishedCallback
                0x0000000008014ab2       0x14 ./Drivers/STM32F4xx_HAL_Driver/Src/stm32f4xx_hal_tim.o
                0x0000000008014ab2                HAL_TIM_PWM_PulseFinishedCallback
 .text.HAL_TIM_TriggerCallback
                0x0000000008014ac6       0x14 ./Drivers/STM32F4xx_HAL_Driver/Src/stm32f4xx_hal_tim.o
                0x0000000008014ac6                HAL_TIM_TriggerCallback
 *fill*         0x0000000008014ada        0x2 
 .text.TIM_Base_SetConfig
                0x0000000008014adc      0x118 ./Drivers/STM32F4xx_HAL_Driver/Src/stm32f4xx_hal_tim.o
                0x0000000008014adc                TIM_Base_SetConfig
 .text.TIM_TI1_ConfigInputStage
                0x0000000008014bf4       0x5e ./Drivers/STM32F4xx_HAL_Driver/Src/stm32f4xx_hal_tim.o
 .text.TIM_TI2_ConfigInputStage
                0x0000000008014c52       0x60 ./Drivers/STM32F4xx_HAL_Driver/Src/stm32f4xx_hal_tim.o
 .text.TIM_ITRx_SetConfig
                0x0000000008014cb2       0x36 ./Drivers/STM32F4xx_HAL_Driver/Src/stm32f4xx_hal_tim.o
 .text.TIM_ETR_SetConfig
                0x0000000008014ce8       0x40 ./Drivers/STM32F4xx_HAL_Driver/Src/stm32f4xx_hal_tim.o
                0x0000000008014ce8                TIM_ETR_SetConfig
 .text.HAL_TIMEx_MasterConfigSynchronization
                0x0000000008014d28       0xdc ./Drivers/STM32F4xx_HAL_Driver/Src/stm32f4xx_hal_tim_ex.o
                0x0000000008014d28                HAL_TIMEx_MasterConfigSynchronization
 .text.HAL_TIMEx_CommutCallback
                0x0000000008014e04       0x14 ./Drivers/STM32F4xx_HAL_Driver/Src/stm32f4xx_hal_tim_ex.o
                0x0000000008014e04                HAL_TIMEx_CommutCallback
 .text.HAL_TIMEx_BreakCallback
                0x0000000008014e18       0x14 ./Drivers/STM32F4xx_HAL_Driver/Src/stm32f4xx_hal_tim_ex.o
                0x0000000008014e18                HAL_TIMEx_BreakCallback
 .text.HAL_UART_Init
                0x0000000008014e2c       0xa0 ./Drivers/STM32F4xx_HAL_Driver/Src/stm32f4xx_hal_uart.o
                0x0000000008014e2c                HAL_UART_Init
 .text.HAL_UART_Transmit
                0x0000000008014ecc      0x116 ./Drivers/STM32F4xx_HAL_Driver/Src/stm32f4xx_hal_uart.o
                0x0000000008014ecc                HAL_UART_Transmit
 .text.UART_WaitOnFlagUntilTimeout